[00:08:57] [Netty Epoll IO #15/ERROR]: Error sending packet clientbound/minecraft:disconnect
io.netty.handler.codec.EncoderException: Sending unknown packet 'clientbound/minecraft:disconnect'
	at knot//net.minecraft.class_9136.method_56426(class_9136.java:50)
	at knot//net.minecraft.class_9136.encode(class_9136.java:14)
	at knot//net.minecraft.class_2545.method_10838(class_2545.java:26)
	at knot//net.minecraft.class_2545.encode(class_2545.java:12)
	at knot//io.netty.handler.codec.MessageToByteEncoder.write(MessageToByteEncoder.java:107)
	at knot//io.netty.channel.AbstractChannelHandlerContext.write(AbstractChannelHandlerContext.java:827)
	at knot//io.netty.channel.AbstractChannelHandlerContext.write(AbstractChannelHandlerContext.java:752)
	at knot//io.netty.channel.ChannelOutboundHandlerAdapter.write(ChannelOutboundHandlerAdapter.java:113)
	at knot//net.minecraft.class_2535$2.write(class_2535.java:488)
	at knot//io.netty.channel.AbstractChannelHandlerContext.write(AbstractChannelHandlerContext.java:827)
	at knot//io.netty.channel.AbstractChannelHandlerContext.writeAndFlush(AbstractChannelHandlerContext.java:804)
	at knot//io.netty.channel.AbstractChannelHandlerContext.writeAndFlush(AbstractChannelHandlerContext.java:869)
	at knot//io.netty.channel.DefaultChannelPipeline.writeAndFlush(DefaultChannelPipeline.java:1046)
	at knot//io.netty.channel.Channel.writeAndFlush(Channel.java:257)
	at knot//net.minecraft.class_2535.method_36942(class_2535.java:324)
	at knot//net.minecraft.class_2535.method_10764(class_2535.java:316)
	at knot//net.minecraft.class_2535.method_52906(class_2535.java:298)
	at knot//net.minecraft.class_2535.method_10752(class_2535.java:292)
	at knot//net.minecraft.class_2535.exceptionCaught(class_2535.java:143)
	at knot//io.netty.channel.AbstractChannelHandlerContext.invokeExceptionCaught(AbstractChannelHandlerContext.java:289)
	at knot//io.netty.channel.AbstractChannelHandlerContext.fireExceptionCaught(AbstractChannelHandlerContext.java:271)
	at knot//io.netty.channel.DefaultChannelPipeline$HeadContext.exceptionCaught(DefaultChannelPipeline.java:1396)
	at knot//io.netty.channel.DefaultChannelPipeline.fireExceptionCaught(DefaultChannelPipeline.java:890)
	at knot//io.netty.channel.epoll.AbstractEpollStreamChannel$EpollStreamUnsafe.handleReadException(AbstractEpollStreamChannel.java:725)
	at knot//io.netty.channel.epoll.AbstractEpollStreamChannel$EpollStreamUnsafe.epollInReady(AbstractEpollStreamChannel.java:820)
	at knot//io.netty.channel.epoll.AbstractEpollChannel$AbstractEpollUnsafe.handle(AbstractEpollChannel.java:482)
	at knot//io.netty.channel.epoll.EpollIoHandler$DefaultEpollIoRegistration.handle(EpollIoHandler.java:317)
	at knot//io.netty.channel.epoll.EpollIoHandler.processReady(EpollIoHandler.java:515)
	at knot//io.netty.channel.epoll.EpollIoHandler.run(EpollIoHandler.java:460)
	at knot//io.netty.channel.SingleThreadIoEventLoop.runIo(SingleThreadIoEventLoop.java:225)
	at knot//io.netty.channel.SingleThreadIoEventLoop.run(SingleThreadIoEventLoop.java:196)
	at knot//io.netty.util.concurrent.SingleThreadEventExecutor$5.run(SingleThreadEventExecutor.java:1193)
	at knot//io.netty.util.internal.ThreadExecutorMap$2.run(ThreadExecutorMap.java:74)
	at java.base/java.lang.Thread.run(Thread.java:1583)
[01:08:07] [Netty Epoll IO #5/ERROR]: Error sending packet clientbound/minecraft:disconnect
io.netty.handler.codec.EncoderException: Sending unknown packet 'clientbound/minecraft:disconnect'
	at knot//net.minecraft.class_9136.method_56426(class_9136.java:50)
	at knot//net.minecraft.class_9136.encode(class_9136.java:14)
	at knot//net.minecraft.class_2545.method_10838(class_2545.java:26)
	at knot//net.minecraft.class_2545.encode(class_2545.java:12)
	at knot//io.netty.handler.codec.MessageToByteEncoder.write(MessageToByteEncoder.java:107)
	at knot//io.netty.channel.AbstractChannelHandlerContext.write(AbstractChannelHandlerContext.java:827)
	at knot//io.netty.channel.AbstractChannelHandlerContext.write(AbstractChannelHandlerContext.java:752)
	at knot//io.netty.channel.ChannelOutboundHandlerAdapter.write(ChannelOutboundHandlerAdapter.java:113)
	at knot//net.minecraft.class_2535$2.write(class_2535.java:488)
	at knot//io.netty.channel.AbstractChannelHandlerContext.write(AbstractChannelHandlerContext.java:827)
	at knot//io.netty.channel.AbstractChannelHandlerContext.writeAndFlush(AbstractChannelHandlerContext.java:804)
	at knot//io.netty.channel.AbstractChannelHandlerContext.writeAndFlush(AbstractChannelHandlerContext.java:869)
	at knot//io.netty.channel.DefaultChannelPipeline.writeAndFlush(DefaultChannelPipeline.java:1046)
	at knot//io.netty.channel.Channel.writeAndFlush(Channel.java:257)
	at knot//net.minecraft.class_2535.method_36942(class_2535.java:324)
	at knot//net.minecraft.class_2535.method_10764(class_2535.java:316)
	at knot//net.minecraft.class_2535.method_52906(class_2535.java:298)
	at knot//net.minecraft.class_2535.method_10752(class_2535.java:292)
	at knot//net.minecraft.class_2535.exceptionCaught(class_2535.java:143)
	at knot//io.netty.channel.AbstractChannelHandlerContext.invokeExceptionCaught(AbstractChannelHandlerContext.java:289)
	at knot//io.netty.channel.AbstractChannelHandlerContext.fireExceptionCaught(AbstractChannelHandlerContext.java:271)
	at knot//io.netty.channel.DefaultChannelPipeline$HeadContext.exceptionCaught(DefaultChannelPipeline.java:1396)
	at knot//io.netty.channel.DefaultChannelPipeline.fireExceptionCaught(DefaultChannelPipeline.java:890)
	at knot//io.netty.channel.epoll.AbstractEpollStreamChannel$EpollStreamUnsafe.handleReadException(AbstractEpollStreamChannel.java:725)
	at knot//io.netty.channel.epoll.AbstractEpollStreamChannel$EpollStreamUnsafe.epollInReady(AbstractEpollStreamChannel.java:820)
	at knot//io.netty.channel.epoll.AbstractEpollChannel$AbstractEpollUnsafe.handle(AbstractEpollChannel.java:482)
	at knot//io.netty.channel.epoll.EpollIoHandler$DefaultEpollIoRegistration.handle(EpollIoHandler.java:317)
	at knot//io.netty.channel.epoll.EpollIoHandler.processReady(EpollIoHandler.java:515)
	at knot//io.netty.channel.epoll.EpollIoHandler.run(EpollIoHandler.java:460)
	at knot//io.netty.channel.SingleThreadIoEventLoop.runIo(SingleThreadIoEventLoop.java:225)
	at knot//io.netty.channel.SingleThreadIoEventLoop.run(SingleThreadIoEventLoop.java:196)
	at knot//io.netty.util.concurrent.SingleThreadEventExecutor$5.run(SingleThreadEventExecutor.java:1193)
	at knot//io.netty.util.internal.ThreadExecutorMap$2.run(ThreadExecutorMap.java:74)
	at java.base/java.lang.Thread.run(Thread.java:1583)
[01:52:30] [Netty Epoll IO #3/ERROR]: Error sending packet clientbound/minecraft:disconnect
io.netty.handler.codec.EncoderException: Sending unknown packet 'clientbound/minecraft:disconnect'
	at knot//net.minecraft.class_9136.method_56426(class_9136.java:50)
	at knot//net.minecraft.class_9136.encode(class_9136.java:14)
	at knot//net.minecraft.class_2545.method_10838(class_2545.java:26)
	at knot//net.minecraft.class_2545.encode(class_2545.java:12)
	at knot//io.netty.handler.codec.MessageToByteEncoder.write(MessageToByteEncoder.java:107)
	at knot//io.netty.channel.AbstractChannelHandlerContext.write(AbstractChannelHandlerContext.java:827)
	at knot//io.netty.channel.AbstractChannelHandlerContext.write(AbstractChannelHandlerContext.java:752)
	at knot//io.netty.channel.ChannelOutboundHandlerAdapter.write(ChannelOutboundHandlerAdapter.java:113)
	at knot//net.minecraft.class_2535$2.write(class_2535.java:488)
	at knot//io.netty.channel.AbstractChannelHandlerContext.write(AbstractChannelHandlerContext.java:827)
	at knot//io.netty.channel.AbstractChannelHandlerContext.writeAndFlush(AbstractChannelHandlerContext.java:804)
	at knot//io.netty.channel.AbstractChannelHandlerContext.writeAndFlush(AbstractChannelHandlerContext.java:869)
	at knot//io.netty.channel.DefaultChannelPipeline.writeAndFlush(DefaultChannelPipeline.java:1046)
	at knot//io.netty.channel.Channel.writeAndFlush(Channel.java:257)
	at knot//net.minecraft.class_2535.method_36942(class_2535.java:324)
	at knot//net.minecraft.class_2535.method_10764(class_2535.java:316)
	at knot//net.minecraft.class_2535.method_52906(class_2535.java:298)
	at knot//net.minecraft.class_2535.method_10752(class_2535.java:292)
	at knot//net.minecraft.class_2535.exceptionCaught(class_2535.java:143)
	at knot//io.netty.channel.AbstractChannelHandlerContext.invokeExceptionCaught(AbstractChannelHandlerContext.java:289)
	at knot//io.netty.channel.AbstractChannelHandlerContext.fireExceptionCaught(AbstractChannelHandlerContext.java:271)
	at knot//io.netty.channel.DefaultChannelPipeline$HeadContext.exceptionCaught(DefaultChannelPipeline.java:1396)
	at knot//io.netty.channel.DefaultChannelPipeline.fireExceptionCaught(DefaultChannelPipeline.java:890)
	at knot//io.netty.channel.epoll.AbstractEpollStreamChannel$EpollStreamUnsafe.handleReadException(AbstractEpollStreamChannel.java:725)
	at knot//io.netty.channel.epoll.AbstractEpollStreamChannel$EpollStreamUnsafe.epollInReady(AbstractEpollStreamChannel.java:820)
	at knot//io.netty.channel.epoll.AbstractEpollChannel$AbstractEpollUnsafe.handle(AbstractEpollChannel.java:482)
	at knot//io.netty.channel.epoll.EpollIoHandler$DefaultEpollIoRegistration.handle(EpollIoHandler.java:317)
	at knot//io.netty.channel.epoll.EpollIoHandler.processReady(EpollIoHandler.java:515)
	at knot//io.netty.channel.epoll.EpollIoHandler.run(EpollIoHandler.java:460)
	at knot//io.netty.channel.SingleThreadIoEventLoop.runIo(SingleThreadIoEventLoop.java:225)
	at knot//io.netty.channel.SingleThreadIoEventLoop.run(SingleThreadIoEventLoop.java:196)
	at knot//io.netty.util.concurrent.SingleThreadEventExecutor$5.run(SingleThreadEventExecutor.java:1193)
	at knot//io.netty.util.internal.ThreadExecutorMap$2.run(ThreadExecutorMap.java:74)
	at java.base/java.lang.Thread.run(Thread.java:1583)
[02:20:16] [Netty Epoll IO #15/ERROR]: Error sending packet clientbound/minecraft:disconnect
io.netty.handler.codec.EncoderException: Sending unknown packet 'clientbound/minecraft:disconnect'
	at knot//net.minecraft.class_9136.method_56426(class_9136.java:50)
	at knot//net.minecraft.class_9136.encode(class_9136.java:14)
	at knot//net.minecraft.class_2545.method_10838(class_2545.java:26)
	at knot//net.minecraft.class_2545.encode(class_2545.java:12)
	at knot//io.netty.handler.codec.MessageToByteEncoder.write(MessageToByteEncoder.java:107)
	at knot//io.netty.channel.AbstractChannelHandlerContext.write(AbstractChannelHandlerContext.java:827)
	at knot//io.netty.channel.AbstractChannelHandlerContext.write(AbstractChannelHandlerContext.java:752)
	at knot//io.netty.channel.ChannelOutboundHandlerAdapter.write(ChannelOutboundHandlerAdapter.java:113)
	at knot//net.minecraft.class_2535$2.write(class_2535.java:488)
	at knot//io.netty.channel.AbstractChannelHandlerContext.write(AbstractChannelHandlerContext.java:827)
	at knot//io.netty.channel.AbstractChannelHandlerContext.writeAndFlush(AbstractChannelHandlerContext.java:804)
	at knot//io.netty.channel.AbstractChannelHandlerContext.writeAndFlush(AbstractChannelHandlerContext.java:869)
	at knot//io.netty.channel.DefaultChannelPipeline.writeAndFlush(DefaultChannelPipeline.java:1046)
	at knot//io.netty.channel.Channel.writeAndFlush(Channel.java:257)
	at knot//net.minecraft.class_2535.method_36942(class_2535.java:324)
	at knot//net.minecraft.class_2535.method_10764(class_2535.java:316)
	at knot//net.minecraft.class_2535.method_52906(class_2535.java:298)
	at knot//net.minecraft.class_2535.method_10752(class_2535.java:292)
	at knot//net.minecraft.class_2535.exceptionCaught(class_2535.java:143)
	at knot//io.netty.channel.AbstractChannelHandlerContext.invokeExceptionCaught(AbstractChannelHandlerContext.java:289)
	at knot//io.netty.channel.AbstractChannelHandlerContext.fireExceptionCaught(AbstractChannelHandlerContext.java:271)
	at knot//io.netty.channel.DefaultChannelPipeline$HeadContext.exceptionCaught(DefaultChannelPipeline.java:1396)
	at knot//io.netty.channel.DefaultChannelPipeline.fireExceptionCaught(DefaultChannelPipeline.java:890)
	at knot//io.netty.channel.epoll.AbstractEpollStreamChannel$EpollStreamUnsafe.handleReadException(AbstractEpollStreamChannel.java:725)
	at knot//io.netty.channel.epoll.AbstractEpollStreamChannel$EpollStreamUnsafe.epollInReady(AbstractEpollStreamChannel.java:820)
	at knot//io.netty.channel.epoll.AbstractEpollChannel$AbstractEpollUnsafe.handle(AbstractEpollChannel.java:482)
	at knot//io.netty.channel.epoll.EpollIoHandler$DefaultEpollIoRegistration.handle(EpollIoHandler.java:317)
	at knot//io.netty.channel.epoll.EpollIoHandler.processReady(EpollIoHandler.java:515)
	at knot//io.netty.channel.epoll.EpollIoHandler.run(EpollIoHandler.java:460)
	at knot//io.netty.channel.SingleThreadIoEventLoop.runIo(SingleThreadIoEventLoop.java:225)
	at knot//io.netty.channel.SingleThreadIoEventLoop.run(SingleThreadIoEventLoop.java:196)
	at knot//io.netty.util.concurrent.SingleThreadEventExecutor$5.run(SingleThreadEventExecutor.java:1193)
	at knot//io.netty.util.internal.ThreadExecutorMap$2.run(ThreadExecutorMap.java:74)
	at java.base/java.lang.Thread.run(Thread.java:1583)
[02:40:50] [Netty Epoll IO #9/ERROR]: Error sending packet clientbound/minecraft:disconnect
io.netty.handler.codec.EncoderException: Sending unknown packet 'clientbound/minecraft:disconnect'
	at knot//net.minecraft.class_9136.method_56426(class_9136.java:50)
	at knot//net.minecraft.class_9136.encode(class_9136.java:14)
	at knot//net.minecraft.class_2545.method_10838(class_2545.java:26)
	at knot//net.minecraft.class_2545.encode(class_2545.java:12)
	at knot//io.netty.handler.codec.MessageToByteEncoder.write(MessageToByteEncoder.java:107)
	at knot//io.netty.channel.AbstractChannelHandlerContext.write(AbstractChannelHandlerContext.java:827)
	at knot//io.netty.channel.AbstractChannelHandlerContext.write(AbstractChannelHandlerContext.java:752)
	at knot//io.netty.channel.ChannelOutboundHandlerAdapter.write(ChannelOutboundHandlerAdapter.java:113)
	at knot//net.minecraft.class_2535$2.write(class_2535.java:488)
	at knot//io.netty.channel.AbstractChannelHandlerContext.write(AbstractChannelHandlerContext.java:827)
	at knot//io.netty.channel.AbstractChannelHandlerContext.writeAndFlush(AbstractChannelHandlerContext.java:804)
	at knot//io.netty.channel.AbstractChannelHandlerContext.writeAndFlush(AbstractChannelHandlerContext.java:869)
	at knot//io.netty.channel.DefaultChannelPipeline.writeAndFlush(DefaultChannelPipeline.java:1046)
	at knot//io.netty.channel.Channel.writeAndFlush(Channel.java:257)
	at knot//net.minecraft.class_2535.method_36942(class_2535.java:324)
	at knot//net.minecraft.class_2535.method_10764(class_2535.java:316)
	at knot//net.minecraft.class_2535.method_52906(class_2535.java:298)
	at knot//net.minecraft.class_2535.method_10752(class_2535.java:292)
	at knot//net.minecraft.class_2535.exceptionCaught(class_2535.java:143)
	at knot//io.netty.channel.AbstractChannelHandlerContext.invokeExceptionCaught(AbstractChannelHandlerContext.java:289)
	at knot//io.netty.channel.AbstractChannelHandlerContext.fireExceptionCaught(AbstractChannelHandlerContext.java:271)
	at knot//io.netty.channel.DefaultChannelPipeline$HeadContext.exceptionCaught(DefaultChannelPipeline.java:1396)
	at knot//io.netty.channel.DefaultChannelPipeline.fireExceptionCaught(DefaultChannelPipeline.java:890)
	at knot//io.netty.channel.epoll.AbstractEpollStreamChannel$EpollStreamUnsafe.handleReadException(AbstractEpollStreamChannel.java:725)
	at knot//io.netty.channel.epoll.AbstractEpollStreamChannel$EpollStreamUnsafe.epollInReady(AbstractEpollStreamChannel.java:820)
	at knot//io.netty.channel.epoll.AbstractEpollChannel$AbstractEpollUnsafe.handle(AbstractEpollChannel.java:482)
	at knot//io.netty.channel.epoll.EpollIoHandler$DefaultEpollIoRegistration.handle(EpollIoHandler.java:317)
	at knot//io.netty.channel.epoll.EpollIoHandler.processReady(EpollIoHandler.java:515)
	at knot//io.netty.channel.epoll.EpollIoHandler.run(EpollIoHandler.java:460)
	at knot//io.netty.channel.SingleThreadIoEventLoop.runIo(SingleThreadIoEventLoop.java:225)
	at knot//io.netty.channel.SingleThreadIoEventLoop.run(SingleThreadIoEventLoop.java:196)
	at knot//io.netty.util.concurrent.SingleThreadEventExecutor$5.run(SingleThreadEventExecutor.java:1193)
	at knot//io.netty.util.internal.ThreadExecutorMap$2.run(ThreadExecutorMap.java:74)
	at java.base/java.lang.Thread.run(Thread.java:1583)
[03:32:59] [Netty Epoll IO #14/ERROR]: Error sending packet clientbound/minecraft:disconnect
io.netty.handler.codec.EncoderException: Sending unknown packet 'clientbound/minecraft:disconnect'
	at knot//net.minecraft.class_9136.method_56426(class_9136.java:50)
	at knot//net.minecraft.class_9136.encode(class_9136.java:14)
	at knot//net.minecraft.class_2545.method_10838(class_2545.java:26)
	at knot//net.minecraft.class_2545.encode(class_2545.java:12)
	at knot//io.netty.handler.codec.MessageToByteEncoder.write(MessageToByteEncoder.java:107)
	at knot//io.netty.channel.AbstractChannelHandlerContext.write(AbstractChannelHandlerContext.java:827)
	at knot//io.netty.channel.AbstractChannelHandlerContext.write(AbstractChannelHandlerContext.java:752)
	at knot//io.netty.channel.ChannelOutboundHandlerAdapter.write(ChannelOutboundHandlerAdapter.java:113)
	at knot//net.minecraft.class_2535$2.write(class_2535.java:488)
	at knot//io.netty.channel.AbstractChannelHandlerContext.write(AbstractChannelHandlerContext.java:827)
	at knot//io.netty.channel.AbstractChannelHandlerContext.writeAndFlush(AbstractChannelHandlerContext.java:804)
	at knot//io.netty.channel.AbstractChannelHandlerContext.writeAndFlush(AbstractChannelHandlerContext.java:869)
	at knot//io.netty.channel.DefaultChannelPipeline.writeAndFlush(DefaultChannelPipeline.java:1046)
	at knot//io.netty.channel.Channel.writeAndFlush(Channel.java:257)
	at knot//net.minecraft.class_2535.method_36942(class_2535.java:324)
	at knot//net.minecraft.class_2535.method_10764(class_2535.java:316)
	at knot//net.minecraft.class_2535.method_52906(class_2535.java:298)
	at knot//net.minecraft.class_2535.method_10752(class_2535.java:292)
	at knot//net.minecraft.class_2535.exceptionCaught(class_2535.java:143)
	at knot//io.netty.channel.AbstractChannelHandlerContext.invokeExceptionCaught(AbstractChannelHandlerContext.java:289)
	at knot//io.netty.channel.AbstractChannelHandlerContext.fireExceptionCaught(AbstractChannelHandlerContext.java:271)
	at knot//io.netty.channel.DefaultChannelPipeline$HeadContext.exceptionCaught(DefaultChannelPipeline.java:1396)
	at knot//io.netty.channel.DefaultChannelPipeline.fireExceptionCaught(DefaultChannelPipeline.java:890)
	at knot//io.netty.channel.epoll.AbstractEpollStreamChannel$EpollStreamUnsafe.handleReadException(AbstractEpollStreamChannel.java:725)
	at knot//io.netty.channel.epoll.AbstractEpollStreamChannel$EpollStreamUnsafe.epollInReady(AbstractEpollStreamChannel.java:820)
	at knot//io.netty.channel.epoll.AbstractEpollChannel$AbstractEpollUnsafe.handle(AbstractEpollChannel.java:482)
	at knot//io.netty.channel.epoll.EpollIoHandler$DefaultEpollIoRegistration.handle(EpollIoHandler.java:317)
	at knot//io.netty.channel.epoll.EpollIoHandler.processReady(EpollIoHandler.java:515)
	at knot//io.netty.channel.epoll.EpollIoHandler.run(EpollIoHandler.java:460)
	at knot//io.netty.channel.SingleThreadIoEventLoop.runIo(SingleThreadIoEventLoop.java:225)
	at knot//io.netty.channel.SingleThreadIoEventLoop.run(SingleThreadIoEventLoop.java:196)
	at knot//io.netty.util.concurrent.SingleThreadEventExecutor$5.run(SingleThreadEventExecutor.java:1193)
	at knot//io.netty.util.internal.ThreadExecutorMap$2.run(ThreadExecutorMap.java:74)
	at java.base/java.lang.Thread.run(Thread.java:1583)
[03:36:26] [Netty Epoll IO #15/ERROR]: Error sending packet clientbound/minecraft:disconnect
io.netty.handler.codec.EncoderException: Sending unknown packet 'clientbound/minecraft:disconnect'
	at knot//net.minecraft.class_9136.method_56426(class_9136.java:50)
	at knot//net.minecraft.class_9136.encode(class_9136.java:14)
	at knot//net.minecraft.class_2545.method_10838(class_2545.java:26)
	at knot//net.minecraft.class_2545.encode(class_2545.java:12)
	at knot//io.netty.handler.codec.MessageToByteEncoder.write(MessageToByteEncoder.java:107)
	at knot//io.netty.channel.AbstractChannelHandlerContext.write(AbstractChannelHandlerContext.java:827)
	at knot//io.netty.channel.AbstractChannelHandlerContext.write(AbstractChannelHandlerContext.java:752)
	at knot//io.netty.channel.ChannelOutboundHandlerAdapter.write(ChannelOutboundHandlerAdapter.java:113)
	at knot//net.minecraft.class_2535$2.write(class_2535.java:488)
	at knot//io.netty.channel.AbstractChannelHandlerContext.write(AbstractChannelHandlerContext.java:827)
	at knot//io.netty.channel.AbstractChannelHandlerContext.writeAndFlush(AbstractChannelHandlerContext.java:804)
	at knot//io.netty.channel.AbstractChannelHandlerContext.writeAndFlush(AbstractChannelHandlerContext.java:869)
	at knot//io.netty.channel.DefaultChannelPipeline.writeAndFlush(DefaultChannelPipeline.java:1046)
	at knot//io.netty.channel.Channel.writeAndFlush(Channel.java:257)
	at knot//net.minecraft.class_2535.method_36942(class_2535.java:324)
	at knot//net.minecraft.class_2535.method_10764(class_2535.java:316)
	at knot//net.minecraft.class_2535.method_52906(class_2535.java:298)
	at knot//net.minecraft.class_2535.method_10752(class_2535.java:292)
	at knot//net.minecraft.class_2535.exceptionCaught(class_2535.java:143)
	at knot//io.netty.channel.AbstractChannelHandlerContext.invokeExceptionCaught(AbstractChannelHandlerContext.java:289)
	at knot//io.netty.channel.AbstractChannelHandlerContext.fireExceptionCaught(AbstractChannelHandlerContext.java:271)
	at knot//io.netty.channel.DefaultChannelPipeline$HeadContext.exceptionCaught(DefaultChannelPipeline.java:1396)
	at knot//io.netty.channel.DefaultChannelPipeline.fireExceptionCaught(DefaultChannelPipeline.java:890)
	at knot//io.netty.channel.epoll.AbstractEpollStreamChannel$EpollStreamUnsafe.handleReadException(AbstractEpollStreamChannel.java:725)
	at knot//io.netty.channel.epoll.AbstractEpollStreamChannel$EpollStreamUnsafe.epollInReady(AbstractEpollStreamChannel.java:820)
	at knot//io.netty.channel.epoll.AbstractEpollChannel$AbstractEpollUnsafe.handle(AbstractEpollChannel.java:482)
	at knot//io.netty.channel.epoll.EpollIoHandler$DefaultEpollIoRegistration.handle(EpollIoHandler.java:317)
	at knot//io.netty.channel.epoll.EpollIoHandler.processReady(EpollIoHandler.java:515)
	at knot//io.netty.channel.epoll.EpollIoHandler.run(EpollIoHandler.java:460)
	at knot//io.netty.channel.SingleThreadIoEventLoop.runIo(SingleThreadIoEventLoop.java:225)
	at knot//io.netty.channel.SingleThreadIoEventLoop.run(SingleThreadIoEventLoop.java:196)
	at knot//io.netty.util.concurrent.SingleThreadEventExecutor$5.run(SingleThreadEventExecutor.java:1193)
	at knot//io.netty.util.internal.ThreadExecutorMap$2.run(ThreadExecutorMap.java:74)
	at java.base/java.lang.Thread.run(Thread.java:1583)
[03:36:30] [Netty Epoll IO #0/ERROR]: Error sending packet clientbound/minecraft:disconnect
io.netty.handler.codec.EncoderException: Sending unknown packet 'clientbound/minecraft:disconnect'
	at knot//net.minecraft.class_9136.method_56426(class_9136.java:50)
	at knot//net.minecraft.class_9136.encode(class_9136.java:14)
	at knot//net.minecraft.class_2545.method_10838(class_2545.java:26)
	at knot//net.minecraft.class_2545.encode(class_2545.java:12)
	at knot//io.netty.handler.codec.MessageToByteEncoder.write(MessageToByteEncoder.java:107)
	at knot//io.netty.channel.AbstractChannelHandlerContext.write(AbstractChannelHandlerContext.java:827)
	at knot//io.netty.channel.AbstractChannelHandlerContext.write(AbstractChannelHandlerContext.java:752)
	at knot//io.netty.channel.ChannelOutboundHandlerAdapter.write(ChannelOutboundHandlerAdapter.java:113)
	at knot//net.minecraft.class_2535$2.write(class_2535.java:488)
	at knot//io.netty.channel.AbstractChannelHandlerContext.write(AbstractChannelHandlerContext.java:827)
	at knot//io.netty.channel.AbstractChannelHandlerContext.writeAndFlush(AbstractChannelHandlerContext.java:804)
	at knot//io.netty.channel.AbstractChannelHandlerContext.writeAndFlush(AbstractChannelHandlerContext.java:869)
	at knot//io.netty.channel.DefaultChannelPipeline.writeAndFlush(DefaultChannelPipeline.java:1046)
	at knot//io.netty.channel.Channel.writeAndFlush(Channel.java:257)
	at knot//net.minecraft.class_2535.method_36942(class_2535.java:324)
	at knot//net.minecraft.class_2535.method_10764(class_2535.java:316)
	at knot//net.minecraft.class_2535.method_52906(class_2535.java:298)
	at knot//net.minecraft.class_2535.method_10752(class_2535.java:292)
	at knot//net.minecraft.class_2535.exceptionCaught(class_2535.java:143)
	at knot//io.netty.channel.AbstractChannelHandlerContext.invokeExceptionCaught(AbstractChannelHandlerContext.java:289)
	at knot//io.netty.channel.AbstractChannelHandlerContext.fireExceptionCaught(AbstractChannelHandlerContext.java:271)
	at knot//io.netty.channel.DefaultChannelPipeline$HeadContext.exceptionCaught(DefaultChannelPipeline.java:1396)
	at knot//io.netty.channel.DefaultChannelPipeline.fireExceptionCaught(DefaultChannelPipeline.java:890)
	at knot//io.netty.channel.epoll.AbstractEpollStreamChannel$EpollStreamUnsafe.handleReadException(AbstractEpollStreamChannel.java:725)
	at knot//io.netty.channel.epoll.AbstractEpollStreamChannel$EpollStreamUnsafe.epollInReady(AbstractEpollStreamChannel.java:820)
	at knot//io.netty.channel.epoll.AbstractEpollChannel$AbstractEpollUnsafe.handle(AbstractEpollChannel.java:482)
	at knot//io.netty.channel.epoll.EpollIoHandler$DefaultEpollIoRegistration.handle(EpollIoHandler.java:317)
	at knot//io.netty.channel.epoll.EpollIoHandler.processReady(EpollIoHandler.java:515)
	at knot//io.netty.channel.epoll.EpollIoHandler.run(EpollIoHandler.java:460)
	at knot//io.netty.channel.SingleThreadIoEventLoop.runIo(SingleThreadIoEventLoop.java:225)
	at knot//io.netty.channel.SingleThreadIoEventLoop.run(SingleThreadIoEventLoop.java:196)
	at knot//io.netty.util.concurrent.SingleThreadEventExecutor$5.run(SingleThreadEventExecutor.java:1193)
	at knot//io.netty.util.internal.ThreadExecutorMap$2.run(ThreadExecutorMap.java:74)
	at java.base/java.lang.Thread.run(Thread.java:1583)
[04:44:31] [Netty Epoll IO #2/ERROR]: Error sending packet clientbound/minecraft:disconnect
io.netty.handler.codec.EncoderException: Sending unknown packet 'clientbound/minecraft:disconnect'
	at knot//net.minecraft.class_9136.method_56426(class_9136.java:50)
	at knot//net.minecraft.class_9136.encode(class_9136.java:14)
	at knot//net.minecraft.class_2545.method_10838(class_2545.java:26)
	at knot//net.minecraft.class_2545.encode(class_2545.java:12)
	at knot//io.netty.handler.codec.MessageToByteEncoder.write(MessageToByteEncoder.java:107)
	at knot//io.netty.channel.AbstractChannelHandlerContext.write(AbstractChannelHandlerContext.java:827)
	at knot//io.netty.channel.AbstractChannelHandlerContext.write(AbstractChannelHandlerContext.java:752)
	at knot//io.netty.channel.ChannelOutboundHandlerAdapter.write(ChannelOutboundHandlerAdapter.java:113)
	at knot//net.minecraft.class_2535$2.write(class_2535.java:488)
	at knot//io.netty.channel.AbstractChannelHandlerContext.write(AbstractChannelHandlerContext.java:827)
	at knot//io.netty.channel.AbstractChannelHandlerContext.writeAndFlush(AbstractChannelHandlerContext.java:804)
	at knot//io.netty.channel.AbstractChannelHandlerContext.writeAndFlush(AbstractChannelHandlerContext.java:869)
	at knot//io.netty.channel.DefaultChannelPipeline.writeAndFlush(DefaultChannelPipeline.java:1046)
	at knot//io.netty.channel.Channel.writeAndFlush(Channel.java:257)
	at knot//net.minecraft.class_2535.method_36942(class_2535.java:324)
	at knot//net.minecraft.class_2535.method_10764(class_2535.java:316)
	at knot//net.minecraft.class_2535.method_52906(class_2535.java:298)
	at knot//net.minecraft.class_2535.method_10752(class_2535.java:292)
	at knot//net.minecraft.class_2535.exceptionCaught(class_2535.java:143)
	at knot//io.netty.channel.AbstractChannelHandlerContext.invokeExceptionCaught(AbstractChannelHandlerContext.java:289)
	at knot//io.netty.channel.AbstractChannelHandlerContext.fireExceptionCaught(AbstractChannelHandlerContext.java:271)
	at knot//io.netty.channel.DefaultChannelPipeline$HeadContext.exceptionCaught(DefaultChannelPipeline.java:1396)
	at knot//io.netty.channel.DefaultChannelPipeline.fireExceptionCaught(DefaultChannelPipeline.java:890)
	at knot//io.netty.channel.epoll.AbstractEpollStreamChannel$EpollStreamUnsafe.handleReadException(AbstractEpollStreamChannel.java:725)
	at knot//io.netty.channel.epoll.AbstractEpollStreamChannel$EpollStreamUnsafe.epollInReady(AbstractEpollStreamChannel.java:820)
	at knot//io.netty.channel.epoll.AbstractEpollChannel$AbstractEpollUnsafe.handle(AbstractEpollChannel.java:482)
	at knot//io.netty.channel.epoll.EpollIoHandler$DefaultEpollIoRegistration.handle(EpollIoHandler.java:317)
	at knot//io.netty.channel.epoll.EpollIoHandler.processReady(EpollIoHandler.java:515)
	at knot//io.netty.channel.epoll.EpollIoHandler.run(EpollIoHandler.java:460)
	at knot//io.netty.channel.SingleThreadIoEventLoop.runIo(SingleThreadIoEventLoop.java:225)
	at knot//io.netty.channel.SingleThreadIoEventLoop.run(SingleThreadIoEventLoop.java:196)
	at knot//io.netty.util.concurrent.SingleThreadEventExecutor$5.run(SingleThreadEventExecutor.java:1193)
	at knot//io.netty.util.internal.ThreadExecutorMap$2.run(ThreadExecutorMap.java:74)
	at java.base/java.lang.Thread.run(Thread.java:1583)
[05:19:16] [Netty Epoll IO #2/ERROR]: Error sending packet clientbound/minecraft:disconnect
io.netty.handler.codec.EncoderException: Sending unknown packet 'clientbound/minecraft:disconnect'
	at knot//net.minecraft.class_9136.method_56426(class_9136.java:50)
	at knot//net.minecraft.class_9136.encode(class_9136.java:14)
	at knot//net.minecraft.class_2545.method_10838(class_2545.java:26)
	at knot//net.minecraft.class_2545.encode(class_2545.java:12)
	at knot//io.netty.handler.codec.MessageToByteEncoder.write(MessageToByteEncoder.java:107)
	at knot//io.netty.channel.AbstractChannelHandlerContext.write(AbstractChannelHandlerContext.java:827)
	at knot//io.netty.channel.AbstractChannelHandlerContext.write(AbstractChannelHandlerContext.java:752)
	at knot//io.netty.channel.ChannelOutboundHandlerAdapter.write(ChannelOutboundHandlerAdapter.java:113)
	at knot//net.minecraft.class_2535$2.write(class_2535.java:488)
	at knot//io.netty.channel.AbstractChannelHandlerContext.write(AbstractChannelHandlerContext.java:827)
	at knot//io.netty.channel.AbstractChannelHandlerContext.writeAndFlush(AbstractChannelHandlerContext.java:804)
	at knot//io.netty.channel.AbstractChannelHandlerContext.writeAndFlush(AbstractChannelHandlerContext.java:869)
	at knot//io.netty.channel.DefaultChannelPipeline.writeAndFlush(DefaultChannelPipeline.java:1046)
	at knot//io.netty.channel.Channel.writeAndFlush(Channel.java:257)
	at knot//net.minecraft.class_2535.method_36942(class_2535.java:324)
	at knot//net.minecraft.class_2535.method_10764(class_2535.java:316)
	at knot//net.minecraft.class_2535.method_52906(class_2535.java:298)
	at knot//net.minecraft.class_2535.method_10752(class_2535.java:292)
	at knot//net.minecraft.class_2535.exceptionCaught(class_2535.java:143)
	at knot//io.netty.channel.AbstractChannelHandlerContext.invokeExceptionCaught(AbstractChannelHandlerContext.java:289)
	at knot//io.netty.channel.AbstractChannelHandlerContext.fireExceptionCaught(AbstractChannelHandlerContext.java:271)
	at knot//io.netty.channel.DefaultChannelPipeline$HeadContext.exceptionCaught(DefaultChannelPipeline.java:1396)
	at knot//io.netty.channel.DefaultChannelPipeline.fireExceptionCaught(DefaultChannelPipeline.java:890)
	at knot//io.netty.channel.epoll.AbstractEpollStreamChannel$EpollStreamUnsafe.handleReadException(AbstractEpollStreamChannel.java:725)
	at knot//io.netty.channel.epoll.AbstractEpollStreamChannel$EpollStreamUnsafe.epollInReady(AbstractEpollStreamChannel.java:820)
	at knot//io.netty.channel.epoll.AbstractEpollChannel$AbstractEpollUnsafe.handle(AbstractEpollChannel.java:482)
	at knot//io.netty.channel.epoll.EpollIoHandler$DefaultEpollIoRegistration.handle(EpollIoHandler.java:317)
	at knot//io.netty.channel.epoll.EpollIoHandler.processReady(EpollIoHandler.java:515)
	at knot//io.netty.channel.epoll.EpollIoHandler.run(EpollIoHandler.java:460)
	at knot//io.netty.channel.SingleThreadIoEventLoop.runIo(SingleThreadIoEventLoop.java:225)
	at knot//io.netty.channel.SingleThreadIoEventLoop.run(SingleThreadIoEventLoop.java:196)
	at knot//io.netty.util.concurrent.SingleThreadEventExecutor$5.run(SingleThreadEventExecutor.java:1193)
	at knot//io.netty.util.internal.ThreadExecutorMap$2.run(ThreadExecutorMap.java:74)
	at java.base/java.lang.Thread.run(Thread.java:1583)
[05:19:22] [Netty Epoll IO #3/ERROR]: Error sending packet clientbound/minecraft:disconnect
io.netty.handler.codec.EncoderException: Sending unknown packet 'clientbound/minecraft:disconnect'
	at knot//net.minecraft.class_9136.method_56426(class_9136.java:50)
	at knot//net.minecraft.class_9136.encode(class_9136.java:14)
	at knot//net.minecraft.class_2545.method_10838(class_2545.java:26)
	at knot//net.minecraft.class_2545.encode(class_2545.java:12)
	at knot//io.netty.handler.codec.MessageToByteEncoder.write(MessageToByteEncoder.java:107)
	at knot//io.netty.channel.AbstractChannelHandlerContext.write(AbstractChannelHandlerContext.java:827)
	at knot//io.netty.channel.AbstractChannelHandlerContext.write(AbstractChannelHandlerContext.java:752)
	at knot//io.netty.channel.ChannelOutboundHandlerAdapter.write(ChannelOutboundHandlerAdapter.java:113)
	at knot//net.minecraft.class_2535$2.write(class_2535.java:488)
	at knot//io.netty.channel.AbstractChannelHandlerContext.write(AbstractChannelHandlerContext.java:827)
	at knot//io.netty.channel.AbstractChannelHandlerContext.writeAndFlush(AbstractChannelHandlerContext.java:804)
	at knot//io.netty.channel.AbstractChannelHandlerContext.writeAndFlush(AbstractChannelHandlerContext.java:869)
	at knot//io.netty.channel.DefaultChannelPipeline.writeAndFlush(DefaultChannelPipeline.java:1046)
	at knot//io.netty.channel.Channel.writeAndFlush(Channel.java:257)
	at knot//net.minecraft.class_2535.method_36942(class_2535.java:324)
	at knot//net.minecraft.class_2535.method_10764(class_2535.java:316)
	at knot//net.minecraft.class_2535.method_52906(class_2535.java:298)
	at knot//net.minecraft.class_2535.method_10752(class_2535.java:292)
	at knot//net.minecraft.class_2535.exceptionCaught(class_2535.java:143)
	at knot//io.netty.channel.AbstractChannelHandlerContext.invokeExceptionCaught(AbstractChannelHandlerContext.java:289)
	at knot//io.netty.channel.AbstractChannelHandlerContext.fireExceptionCaught(AbstractChannelHandlerContext.java:271)
	at knot//io.netty.channel.DefaultChannelPipeline$HeadContext.exceptionCaught(DefaultChannelPipeline.java:1396)
	at knot//io.netty.channel.DefaultChannelPipeline.fireExceptionCaught(DefaultChannelPipeline.java:890)
	at knot//io.netty.channel.epoll.AbstractEpollStreamChannel$EpollStreamUnsafe.handleReadException(AbstractEpollStreamChannel.java:725)
	at knot//io.netty.channel.epoll.AbstractEpollStreamChannel$EpollStreamUnsafe.epollInReady(AbstractEpollStreamChannel.java:820)
	at knot//io.netty.channel.epoll.AbstractEpollChannel$AbstractEpollUnsafe.handle(AbstractEpollChannel.java:482)
	at knot//io.netty.channel.epoll.EpollIoHandler$DefaultEpollIoRegistration.handle(EpollIoHandler.java:317)
	at knot//io.netty.channel.epoll.EpollIoHandler.processReady(EpollIoHandler.java:515)
	at knot//io.netty.channel.epoll.EpollIoHandler.run(EpollIoHandler.java:460)
	at knot//io.netty.channel.SingleThreadIoEventLoop.runIo(SingleThreadIoEventLoop.java:225)
	at knot//io.netty.channel.SingleThreadIoEventLoop.run(SingleThreadIoEventLoop.java:196)
	at knot//io.netty.util.concurrent.SingleThreadEventExecutor$5.run(SingleThreadEventExecutor.java:1193)
	at knot//io.netty.util.internal.ThreadExecutorMap$2.run(ThreadExecutorMap.java:74)
	at java.base/java.lang.Thread.run(Thread.java:1583)
[05:40:17] [Netty Epoll IO #11/ERROR]: Error sending packet clientbound/minecraft:disconnect
io.netty.handler.codec.EncoderException: Sending unknown packet 'clientbound/minecraft:disconnect'
	at knot//net.minecraft.class_9136.method_56426(class_9136.java:50)
	at knot//net.minecraft.class_9136.encode(class_9136.java:14)
	at knot//net.minecraft.class_2545.method_10838(class_2545.java:26)
	at knot//net.minecraft.class_2545.encode(class_2545.java:12)
	at knot//io.netty.handler.codec.MessageToByteEncoder.write(MessageToByteEncoder.java:107)
	at knot//io.netty.channel.AbstractChannelHandlerContext.write(AbstractChannelHandlerContext.java:827)
	at knot//io.netty.channel.AbstractChannelHandlerContext.write(AbstractChannelHandlerContext.java:752)
	at knot//io.netty.channel.ChannelOutboundHandlerAdapter.write(ChannelOutboundHandlerAdapter.java:113)
	at knot//net.minecraft.class_2535$2.write(class_2535.java:488)
	at knot//io.netty.channel.AbstractChannelHandlerContext.write(AbstractChannelHandlerContext.java:827)
	at knot//io.netty.channel.AbstractChannelHandlerContext.writeAndFlush(AbstractChannelHandlerContext.java:804)
	at knot//io.netty.channel.AbstractChannelHandlerContext.writeAndFlush(AbstractChannelHandlerContext.java:869)
	at knot//io.netty.channel.DefaultChannelPipeline.writeAndFlush(DefaultChannelPipeline.java:1046)
	at knot//io.netty.channel.Channel.writeAndFlush(Channel.java:257)
	at knot//net.minecraft.class_2535.method_36942(class_2535.java:324)
	at knot//net.minecraft.class_2535.method_10764(class_2535.java:316)
	at knot//net.minecraft.class_2535.method_52906(class_2535.java:298)
	at knot//net.minecraft.class_2535.method_10752(class_2535.java:292)
	at knot//net.minecraft.class_2535.exceptionCaught(class_2535.java:143)
	at knot//io.netty.channel.AbstractChannelHandlerContext.invokeExceptionCaught(AbstractChannelHandlerContext.java:289)
	at knot//io.netty.channel.AbstractChannelHandlerContext.fireExceptionCaught(AbstractChannelHandlerContext.java:271)
	at knot//io.netty.channel.DefaultChannelPipeline$HeadContext.exceptionCaught(DefaultChannelPipeline.java:1396)
	at knot//io.netty.channel.DefaultChannelPipeline.fireExceptionCaught(DefaultChannelPipeline.java:890)
	at knot//io.netty.channel.epoll.AbstractEpollStreamChannel$EpollStreamUnsafe.handleReadException(AbstractEpollStreamChannel.java:725)
	at knot//io.netty.channel.epoll.AbstractEpollStreamChannel$EpollStreamUnsafe.epollInReady(AbstractEpollStreamChannel.java:820)
	at knot//io.netty.channel.epoll.AbstractEpollChannel$AbstractEpollUnsafe.handle(AbstractEpollChannel.java:482)
	at knot//io.netty.channel.epoll.EpollIoHandler$DefaultEpollIoRegistration.handle(EpollIoHandler.java:317)
	at knot//io.netty.channel.epoll.EpollIoHandler.processReady(EpollIoHandler.java:515)
	at knot//io.netty.channel.epoll.EpollIoHandler.run(EpollIoHandler.java:460)
	at knot//io.netty.channel.SingleThreadIoEventLoop.runIo(SingleThreadIoEventLoop.java:225)
	at knot//io.netty.channel.SingleThreadIoEventLoop.run(SingleThreadIoEventLoop.java:196)
	at knot//io.netty.util.concurrent.SingleThreadEventExecutor$5.run(SingleThreadEventExecutor.java:1193)
	at knot//io.netty.util.internal.ThreadExecutorMap$2.run(ThreadExecutorMap.java:74)
	at java.base/java.lang.Thread.run(Thread.java:1583)
[05:56:31] [Netty Epoll IO #3/ERROR]: Error sending packet clientbound/minecraft:disconnect
io.netty.handler.codec.EncoderException: Sending unknown packet 'clientbound/minecraft:disconnect'
	at knot//net.minecraft.class_9136.method_56426(class_9136.java:50)
	at knot//net.minecraft.class_9136.encode(class_9136.java:14)
	at knot//net.minecraft.class_2545.method_10838(class_2545.java:26)
	at knot//net.minecraft.class_2545.encode(class_2545.java:12)
	at knot//io.netty.handler.codec.MessageToByteEncoder.write(MessageToByteEncoder.java:107)
	at knot//io.netty.channel.AbstractChannelHandlerContext.write(AbstractChannelHandlerContext.java:827)
	at knot//io.netty.channel.AbstractChannelHandlerContext.write(AbstractChannelHandlerContext.java:752)
	at knot//io.netty.channel.ChannelOutboundHandlerAdapter.write(ChannelOutboundHandlerAdapter.java:113)
	at knot//net.minecraft.class_2535$2.write(class_2535.java:488)
	at knot//io.netty.channel.AbstractChannelHandlerContext.write(AbstractChannelHandlerContext.java:827)
	at knot//io.netty.channel.AbstractChannelHandlerContext.writeAndFlush(AbstractChannelHandlerContext.java:804)
	at knot//io.netty.channel.AbstractChannelHandlerContext.writeAndFlush(AbstractChannelHandlerContext.java:869)
	at knot//io.netty.channel.DefaultChannelPipeline.writeAndFlush(DefaultChannelPipeline.java:1046)
	at knot//io.netty.channel.Channel.writeAndFlush(Channel.java:257)
	at knot//net.minecraft.class_2535.method_36942(class_2535.java:324)
	at knot//net.minecraft.class_2535.method_10764(class_2535.java:316)
	at knot//net.minecraft.class_2535.method_52906(class_2535.java:298)
	at knot//net.minecraft.class_2535.method_10752(class_2535.java:292)
	at knot//net.minecraft.class_2535.exceptionCaught(class_2535.java:143)
	at knot//io.netty.channel.AbstractChannelHandlerContext.invokeExceptionCaught(AbstractChannelHandlerContext.java:289)
	at knot//io.netty.channel.AbstractChannelHandlerContext.fireExceptionCaught(AbstractChannelHandlerContext.java:271)
	at knot//io.netty.channel.DefaultChannelPipeline$HeadContext.exceptionCaught(DefaultChannelPipeline.java:1396)
	at knot//io.netty.channel.DefaultChannelPipeline.fireExceptionCaught(DefaultChannelPipeline.java:890)
	at knot//io.netty.channel.epoll.AbstractEpollStreamChannel$EpollStreamUnsafe.handleReadException(AbstractEpollStreamChannel.java:725)
	at knot//io.netty.channel.epoll.AbstractEpollStreamChannel$EpollStreamUnsafe.epollInReady(AbstractEpollStreamChannel.java:820)
	at knot//io.netty.channel.epoll.AbstractEpollChannel$AbstractEpollUnsafe.handle(AbstractEpollChannel.java:482)
	at knot//io.netty.channel.epoll.EpollIoHandler$DefaultEpollIoRegistration.handle(EpollIoHandler.java:317)
	at knot//io.netty.channel.epoll.EpollIoHandler.processReady(EpollIoHandler.java:515)
	at knot//io.netty.channel.epoll.EpollIoHandler.run(EpollIoHandler.java:460)
	at knot//io.netty.channel.SingleThreadIoEventLoop.runIo(SingleThreadIoEventLoop.java:225)
	at knot//io.netty.channel.SingleThreadIoEventLoop.run(SingleThreadIoEventLoop.java:196)
	at knot//io.netty.util.concurrent.SingleThreadEventExecutor$5.run(SingleThreadEventExecutor.java:1193)
	at knot//io.netty.util.internal.ThreadExecutorMap$2.run(ThreadExecutorMap.java:74)
	at java.base/java.lang.Thread.run(Thread.java:1583)
[07:10:31] [Netty Epoll IO #10/ERROR]: Error sending packet clientbound/minecraft:disconnect
io.netty.handler.codec.EncoderException: Sending unknown packet 'clientbound/minecraft:disconnect'
	at knot//net.minecraft.class_9136.method_56426(class_9136.java:50)
	at knot//net.minecraft.class_9136.encode(class_9136.java:14)
	at knot//net.minecraft.class_2545.method_10838(class_2545.java:26)
	at knot//net.minecraft.class_2545.encode(class_2545.java:12)
	at knot//io.netty.handler.codec.MessageToByteEncoder.write(MessageToByteEncoder.java:107)
	at knot//io.netty.channel.AbstractChannelHandlerContext.write(AbstractChannelHandlerContext.java:827)
	at knot//io.netty.channel.AbstractChannelHandlerContext.write(AbstractChannelHandlerContext.java:752)
	at knot//io.netty.channel.ChannelOutboundHandlerAdapter.write(ChannelOutboundHandlerAdapter.java:113)
	at knot//net.minecraft.class_2535$2.write(class_2535.java:488)
	at knot//io.netty.channel.AbstractChannelHandlerContext.write(AbstractChannelHandlerContext.java:827)
	at knot//io.netty.channel.AbstractChannelHandlerContext.writeAndFlush(AbstractChannelHandlerContext.java:804)
	at knot//io.netty.channel.AbstractChannelHandlerContext.writeAndFlush(AbstractChannelHandlerContext.java:869)
	at knot//io.netty.channel.DefaultChannelPipeline.writeAndFlush(DefaultChannelPipeline.java:1046)
	at knot//io.netty.channel.Channel.writeAndFlush(Channel.java:257)
	at knot//net.minecraft.class_2535.method_36942(class_2535.java:324)
	at knot//net.minecraft.class_2535.method_10764(class_2535.java:316)
	at knot//net.minecraft.class_2535.method_52906(class_2535.java:298)
	at knot//net.minecraft.class_2535.method_10752(class_2535.java:292)
	at knot//net.minecraft.class_2535.exceptionCaught(class_2535.java:143)
	at knot//io.netty.channel.AbstractChannelHandlerContext.invokeExceptionCaught(AbstractChannelHandlerContext.java:289)
	at knot//io.netty.channel.AbstractChannelHandlerContext.fireExceptionCaught(AbstractChannelHandlerContext.java:271)
	at knot//io.netty.channel.DefaultChannelPipeline$HeadContext.exceptionCaught(DefaultChannelPipeline.java:1396)
	at knot//io.netty.channel.DefaultChannelPipeline.fireExceptionCaught(DefaultChannelPipeline.java:890)
	at knot//io.netty.channel.epoll.AbstractEpollStreamChannel$EpollStreamUnsafe.handleReadException(AbstractEpollStreamChannel.java:725)
	at knot//io.netty.channel.epoll.AbstractEpollStreamChannel$EpollStreamUnsafe.epollInReady(AbstractEpollStreamChannel.java:820)
	at knot//io.netty.channel.epoll.AbstractEpollChannel$AbstractEpollUnsafe.handle(AbstractEpollChannel.java:482)
	at knot//io.netty.channel.epoll.EpollIoHandler$DefaultEpollIoRegistration.handle(EpollIoHandler.java:317)
	at knot//io.netty.channel.epoll.EpollIoHandler.processReady(EpollIoHandler.java:515)
	at knot//io.netty.channel.epoll.EpollIoHandler.run(EpollIoHandler.java:460)
	at knot//io.netty.channel.SingleThreadIoEventLoop.runIo(SingleThreadIoEventLoop.java:225)
	at knot//io.netty.channel.SingleThreadIoEventLoop.run(SingleThreadIoEventLoop.java:196)
	at knot//io.netty.util.concurrent.SingleThreadEventExecutor$5.run(SingleThreadEventExecutor.java:1193)
	at knot//io.netty.util.internal.ThreadExecutorMap$2.run(ThreadExecutorMap.java:74)
	at java.base/java.lang.Thread.run(Thread.java:1583)
[07:24:50] [Netty Epoll IO #0/ERROR]: Error sending packet clientbound/minecraft:disconnect
io.netty.handler.codec.EncoderException: Sending unknown packet 'clientbound/minecraft:disconnect'
	at knot//net.minecraft.class_9136.method_56426(class_9136.java:50)
	at knot//net.minecraft.class_9136.encode(class_9136.java:14)
	at knot//net.minecraft.class_2545.method_10838(class_2545.java:26)
	at knot//net.minecraft.class_2545.encode(class_2545.java:12)
	at knot//io.netty.handler.codec.MessageToByteEncoder.write(MessageToByteEncoder.java:107)
	at knot//io.netty.channel.AbstractChannelHandlerContext.write(AbstractChannelHandlerContext.java:827)
	at knot//io.netty.channel.AbstractChannelHandlerContext.write(AbstractChannelHandlerContext.java:752)
	at knot//io.netty.channel.ChannelOutboundHandlerAdapter.write(ChannelOutboundHandlerAdapter.java:113)
	at knot//net.minecraft.class_2535$2.write(class_2535.java:488)
	at knot//io.netty.channel.AbstractChannelHandlerContext.write(AbstractChannelHandlerContext.java:827)
	at knot//io.netty.channel.AbstractChannelHandlerContext.writeAndFlush(AbstractChannelHandlerContext.java:804)
	at knot//io.netty.channel.AbstractChannelHandlerContext.writeAndFlush(AbstractChannelHandlerContext.java:869)
	at knot//io.netty.channel.DefaultChannelPipeline.writeAndFlush(DefaultChannelPipeline.java:1046)
	at knot//io.netty.channel.Channel.writeAndFlush(Channel.java:257)
	at knot//net.minecraft.class_2535.method_36942(class_2535.java:324)
	at knot//net.minecraft.class_2535.method_10764(class_2535.java:316)
	at knot//net.minecraft.class_2535.method_52906(class_2535.java:298)
	at knot//net.minecraft.class_2535.method_10752(class_2535.java:292)
	at knot//net.minecraft.class_2535.exceptionCaught(class_2535.java:143)
	at knot//io.netty.channel.AbstractChannelHandlerContext.invokeExceptionCaught(AbstractChannelHandlerContext.java:289)
	at knot//io.netty.channel.AbstractChannelHandlerContext.fireExceptionCaught(AbstractChannelHandlerContext.java:271)
	at knot//io.netty.channel.DefaultChannelPipeline$HeadContext.exceptionCaught(DefaultChannelPipeline.java:1396)
	at knot//io.netty.channel.DefaultChannelPipeline.fireExceptionCaught(DefaultChannelPipeline.java:890)
	at knot//io.netty.channel.epoll.AbstractEpollStreamChannel$EpollStreamUnsafe.handleReadException(AbstractEpollStreamChannel.java:725)
	at knot//io.netty.channel.epoll.AbstractEpollStreamChannel$EpollStreamUnsafe.epollInReady(AbstractEpollStreamChannel.java:820)
	at knot//io.netty.channel.epoll.AbstractEpollChannel$AbstractEpollUnsafe.handle(AbstractEpollChannel.java:482)
	at knot//io.netty.channel.epoll.EpollIoHandler$DefaultEpollIoRegistration.handle(EpollIoHandler.java:317)
	at knot//io.netty.channel.epoll.EpollIoHandler.processReady(EpollIoHandler.java:515)
	at knot//io.netty.channel.epoll.EpollIoHandler.run(EpollIoHandler.java:460)
	at knot//io.netty.channel.SingleThreadIoEventLoop.runIo(SingleThreadIoEventLoop.java:225)
	at knot//io.netty.channel.SingleThreadIoEventLoop.run(SingleThreadIoEventLoop.java:196)
	at knot//io.netty.util.concurrent.SingleThreadEventExecutor$5.run(SingleThreadEventExecutor.java:1193)
	at knot//io.netty.util.internal.ThreadExecutorMap$2.run(ThreadExecutorMap.java:74)
	at java.base/java.lang.Thread.run(Thread.java:1583)
[07:24:55] [Netty Epoll IO #1/ERROR]: Error sending packet clientbound/minecraft:disconnect
io.netty.handler.codec.EncoderException: Sending unknown packet 'clientbound/minecraft:disconnect'
	at knot//net.minecraft.class_9136.method_56426(class_9136.java:50)
	at knot//net.minecraft.class_9136.encode(class_9136.java:14)
	at knot//net.minecraft.class_2545.method_10838(class_2545.java:26)
	at knot//net.minecraft.class_2545.encode(class_2545.java:12)
	at knot//io.netty.handler.codec.MessageToByteEncoder.write(MessageToByteEncoder.java:107)
	at knot//io.netty.channel.AbstractChannelHandlerContext.write(AbstractChannelHandlerContext.java:827)
	at knot//io.netty.channel.AbstractChannelHandlerContext.write(AbstractChannelHandlerContext.java:752)
	at knot//io.netty.channel.ChannelOutboundHandlerAdapter.write(ChannelOutboundHandlerAdapter.java:113)
	at knot//net.minecraft.class_2535$2.write(class_2535.java:488)
	at knot//io.netty.channel.AbstractChannelHandlerContext.write(AbstractChannelHandlerContext.java:827)
	at knot//io.netty.channel.AbstractChannelHandlerContext.writeAndFlush(AbstractChannelHandlerContext.java:804)
	at knot//io.netty.channel.AbstractChannelHandlerContext.writeAndFlush(AbstractChannelHandlerContext.java:869)
	at knot//io.netty.channel.DefaultChannelPipeline.writeAndFlush(DefaultChannelPipeline.java:1046)
	at knot//io.netty.channel.Channel.writeAndFlush(Channel.java:257)
	at knot//net.minecraft.class_2535.method_36942(class_2535.java:324)
	at knot//net.minecraft.class_2535.method_10764(class_2535.java:316)
	at knot//net.minecraft.class_2535.method_52906(class_2535.java:298)
	at knot//net.minecraft.class_2535.method_10752(class_2535.java:292)
	at knot//net.minecraft.class_2535.exceptionCaught(class_2535.java:143)
	at knot//io.netty.channel.AbstractChannelHandlerContext.invokeExceptionCaught(AbstractChannelHandlerContext.java:289)
	at knot//io.netty.channel.AbstractChannelHandlerContext.fireExceptionCaught(AbstractChannelHandlerContext.java:271)
	at knot//io.netty.channel.DefaultChannelPipeline$HeadContext.exceptionCaught(DefaultChannelPipeline.java:1396)
	at knot//io.netty.channel.DefaultChannelPipeline.fireExceptionCaught(DefaultChannelPipeline.java:890)
	at knot//io.netty.channel.epoll.AbstractEpollStreamChannel$EpollStreamUnsafe.handleReadException(AbstractEpollStreamChannel.java:725)
	at knot//io.netty.channel.epoll.AbstractEpollStreamChannel$EpollStreamUnsafe.epollInReady(AbstractEpollStreamChannel.java:820)
	at knot//io.netty.channel.epoll.AbstractEpollChannel$AbstractEpollUnsafe.handle(AbstractEpollChannel.java:482)
	at knot//io.netty.channel.epoll.EpollIoHandler$DefaultEpollIoRegistration.handle(EpollIoHandler.java:317)
	at knot//io.netty.channel.epoll.EpollIoHandler.processReady(EpollIoHandler.java:515)
	at knot//io.netty.channel.epoll.EpollIoHandler.run(EpollIoHandler.java:460)
	at knot//io.netty.channel.SingleThreadIoEventLoop.runIo(SingleThreadIoEventLoop.java:225)
	at knot//io.netty.channel.SingleThreadIoEventLoop.run(SingleThreadIoEventLoop.java:196)
	at knot//io.netty.util.concurrent.SingleThreadEventExecutor$5.run(SingleThreadEventExecutor.java:1193)
	at knot//io.netty.util.internal.ThreadExecutorMap$2.run(ThreadExecutorMap.java:74)
	at java.base/java.lang.Thread.run(Thread.java:1583)
[07:25:01] [Netty Epoll IO #2/ERROR]: Error sending packet clientbound/minecraft:disconnect
io.netty.handler.codec.EncoderException: Sending unknown packet 'clientbound/minecraft:disconnect'
	at knot//net.minecraft.class_9136.method_56426(class_9136.java:50)
	at knot//net.minecraft.class_9136.encode(class_9136.java:14)
	at knot//net.minecraft.class_2545.method_10838(class_2545.java:26)
	at knot//net.minecraft.class_2545.encode(class_2545.java:12)
	at knot//io.netty.handler.codec.MessageToByteEncoder.write(MessageToByteEncoder.java:107)
	at knot//io.netty.channel.AbstractChannelHandlerContext.write(AbstractChannelHandlerContext.java:827)
	at knot//io.netty.channel.AbstractChannelHandlerContext.write(AbstractChannelHandlerContext.java:752)
	at knot//io.netty.channel.ChannelOutboundHandlerAdapter.write(ChannelOutboundHandlerAdapter.java:113)
	at knot//net.minecraft.class_2535$2.write(class_2535.java:488)
	at knot//io.netty.channel.AbstractChannelHandlerContext.write(AbstractChannelHandlerContext.java:827)
	at knot//io.netty.channel.AbstractChannelHandlerContext.writeAndFlush(AbstractChannelHandlerContext.java:804)
	at knot//io.netty.channel.AbstractChannelHandlerContext.writeAndFlush(AbstractChannelHandlerContext.java:869)
	at knot//io.netty.channel.DefaultChannelPipeline.writeAndFlush(DefaultChannelPipeline.java:1046)
	at knot//io.netty.channel.Channel.writeAndFlush(Channel.java:257)
	at knot//net.minecraft.class_2535.method_36942(class_2535.java:324)
	at knot//net.minecraft.class_2535.method_10764(class_2535.java:316)
	at knot//net.minecraft.class_2535.method_52906(class_2535.java:298)
	at knot//net.minecraft.class_2535.method_10752(class_2535.java:292)
	at knot//net.minecraft.class_2535.exceptionCaught(class_2535.java:143)
	at knot//io.netty.channel.AbstractChannelHandlerContext.invokeExceptionCaught(AbstractChannelHandlerContext.java:289)
	at knot//io.netty.channel.AbstractChannelHandlerContext.fireExceptionCaught(AbstractChannelHandlerContext.java:271)
	at knot//io.netty.channel.DefaultChannelPipeline$HeadContext.exceptionCaught(DefaultChannelPipeline.java:1396)
	at knot//io.netty.channel.DefaultChannelPipeline.fireExceptionCaught(DefaultChannelPipeline.java:890)
	at knot//io.netty.channel.epoll.AbstractEpollStreamChannel$EpollStreamUnsafe.handleReadException(AbstractEpollStreamChannel.java:725)
	at knot//io.netty.channel.epoll.AbstractEpollStreamChannel$EpollStreamUnsafe.epollInReady(AbstractEpollStreamChannel.java:820)
	at knot//io.netty.channel.epoll.AbstractEpollChannel$AbstractEpollUnsafe.handle(AbstractEpollChannel.java:482)
	at knot//io.netty.channel.epoll.EpollIoHandler$DefaultEpollIoRegistration.handle(EpollIoHandler.java:317)
	at knot//io.netty.channel.epoll.EpollIoHandler.processReady(EpollIoHandler.java:515)
	at knot//io.netty.channel.epoll.EpollIoHandler.run(EpollIoHandler.java:460)
	at knot//io.netty.channel.SingleThreadIoEventLoop.runIo(SingleThreadIoEventLoop.java:225)
	at knot//io.netty.channel.SingleThreadIoEventLoop.run(SingleThreadIoEventLoop.java:196)
	at knot//io.netty.util.concurrent.SingleThreadEventExecutor$5.run(SingleThreadEventExecutor.java:1193)
	at knot//io.netty.util.internal.ThreadExecutorMap$2.run(ThreadExecutorMap.java:74)
	at java.base/java.lang.Thread.run(Thread.java:1583)
[07:25:11] [Netty Epoll IO #3/ERROR]: Error sending packet clientbound/minecraft:disconnect
io.netty.handler.codec.EncoderException: Sending unknown packet 'clientbound/minecraft:disconnect'
	at knot//net.minecraft.class_9136.method_56426(class_9136.java:50)
	at knot//net.minecraft.class_9136.encode(class_9136.java:14)
	at knot//net.minecraft.class_2545.method_10838(class_2545.java:26)
	at knot//net.minecraft.class_2545.encode(class_2545.java:12)
	at knot//io.netty.handler.codec.MessageToByteEncoder.write(MessageToByteEncoder.java:107)
	at knot//io.netty.channel.AbstractChannelHandlerContext.write(AbstractChannelHandlerContext.java:827)
	at knot//io.netty.channel.AbstractChannelHandlerContext.write(AbstractChannelHandlerContext.java:752)
	at knot//io.netty.channel.ChannelOutboundHandlerAdapter.write(ChannelOutboundHandlerAdapter.java:113)
	at knot//net.minecraft.class_2535$2.write(class_2535.java:488)
	at knot//io.netty.channel.AbstractChannelHandlerContext.write(AbstractChannelHandlerContext.java:827)
	at knot//io.netty.channel.AbstractChannelHandlerContext.writeAndFlush(AbstractChannelHandlerContext.java:804)
	at knot//io.netty.channel.AbstractChannelHandlerContext.writeAndFlush(AbstractChannelHandlerContext.java:869)
	at knot//io.netty.channel.DefaultChannelPipeline.writeAndFlush(DefaultChannelPipeline.java:1046)
	at knot//io.netty.channel.Channel.writeAndFlush(Channel.java:257)
	at knot//net.minecraft.class_2535.method_36942(class_2535.java:324)
	at knot//net.minecraft.class_2535.method_10764(class_2535.java:316)
	at knot//net.minecraft.class_2535.method_52906(class_2535.java:298)
	at knot//net.minecraft.class_2535.method_10752(class_2535.java:292)
	at knot//net.minecraft.class_2535.exceptionCaught(class_2535.java:143)
	at knot//io.netty.channel.AbstractChannelHandlerContext.invokeExceptionCaught(AbstractChannelHandlerContext.java:289)
	at knot//io.netty.channel.AbstractChannelHandlerContext.fireExceptionCaught(AbstractChannelHandlerContext.java:271)
	at knot//io.netty.channel.DefaultChannelPipeline$HeadContext.exceptionCaught(DefaultChannelPipeline.java:1396)
	at knot//io.netty.channel.DefaultChannelPipeline.fireExceptionCaught(DefaultChannelPipeline.java:890)
	at knot//io.netty.channel.epoll.AbstractEpollStreamChannel$EpollStreamUnsafe.handleReadException(AbstractEpollStreamChannel.java:725)
	at knot//io.netty.channel.epoll.AbstractEpollStreamChannel$EpollStreamUnsafe.epollInReady(AbstractEpollStreamChannel.java:820)
	at knot//io.netty.channel.epoll.AbstractEpollChannel$AbstractEpollUnsafe.handle(AbstractEpollChannel.java:482)
	at knot//io.netty.channel.epoll.EpollIoHandler$DefaultEpollIoRegistration.handle(EpollIoHandler.java:317)
	at knot//io.netty.channel.epoll.EpollIoHandler.processReady(EpollIoHandler.java:515)
	at knot//io.netty.channel.epoll.EpollIoHandler.run(EpollIoHandler.java:460)
	at knot//io.netty.channel.SingleThreadIoEventLoop.runIo(SingleThreadIoEventLoop.java:225)
	at knot//io.netty.channel.SingleThreadIoEventLoop.run(SingleThreadIoEventLoop.java:196)
	at knot//io.netty.util.concurrent.SingleThreadEventExecutor$5.run(SingleThreadEventExecutor.java:1193)
	at knot//io.netty.util.internal.ThreadExecutorMap$2.run(ThreadExecutorMap.java:74)
	at java.base/java.lang.Thread.run(Thread.java:1583)
[07:25:18] [Netty Epoll IO #4/ERROR]: Error sending packet clientbound/minecraft:disconnect
io.netty.handler.codec.EncoderException: Sending unknown packet 'clientbound/minecraft:disconnect'
	at knot//net.minecraft.class_9136.method_56426(class_9136.java:50)
	at knot//net.minecraft.class_9136.encode(class_9136.java:14)
	at knot//net.minecraft.class_2545.method_10838(class_2545.java:26)
	at knot//net.minecraft.class_2545.encode(class_2545.java:12)
	at knot//io.netty.handler.codec.MessageToByteEncoder.write(MessageToByteEncoder.java:107)
	at knot//io.netty.channel.AbstractChannelHandlerContext.write(AbstractChannelHandlerContext.java:827)
	at knot//io.netty.channel.AbstractChannelHandlerContext.write(AbstractChannelHandlerContext.java:752)
	at knot//io.netty.channel.ChannelOutboundHandlerAdapter.write(ChannelOutboundHandlerAdapter.java:113)
	at knot//net.minecraft.class_2535$2.write(class_2535.java:488)
	at knot//io.netty.channel.AbstractChannelHandlerContext.write(AbstractChannelHandlerContext.java:827)
	at knot//io.netty.channel.AbstractChannelHandlerContext.writeAndFlush(AbstractChannelHandlerContext.java:804)
	at knot//io.netty.channel.AbstractChannelHandlerContext.writeAndFlush(AbstractChannelHandlerContext.java:869)
	at knot//io.netty.channel.DefaultChannelPipeline.writeAndFlush(DefaultChannelPipeline.java:1046)
	at knot//io.netty.channel.Channel.writeAndFlush(Channel.java:257)
	at knot//net.minecraft.class_2535.method_36942(class_2535.java:324)
	at knot//net.minecraft.class_2535.method_10764(class_2535.java:316)
	at knot//net.minecraft.class_2535.method_52906(class_2535.java:298)
	at knot//net.minecraft.class_2535.method_10752(class_2535.java:292)
	at knot//net.minecraft.class_2535.exceptionCaught(class_2535.java:143)
	at knot//io.netty.channel.AbstractChannelHandlerContext.invokeExceptionCaught(AbstractChannelHandlerContext.java:289)
	at knot//io.netty.channel.AbstractChannelHandlerContext.fireExceptionCaught(AbstractChannelHandlerContext.java:271)
	at knot//io.netty.channel.DefaultChannelPipeline$HeadContext.exceptionCaught(DefaultChannelPipeline.java:1396)
	at knot//io.netty.channel.DefaultChannelPipeline.fireExceptionCaught(DefaultChannelPipeline.java:890)
	at knot//io.netty.channel.epoll.AbstractEpollStreamChannel$EpollStreamUnsafe.handleReadException(AbstractEpollStreamChannel.java:725)
	at knot//io.netty.channel.epoll.AbstractEpollStreamChannel$EpollStreamUnsafe.epollInReady(AbstractEpollStreamChannel.java:820)
	at knot//io.netty.channel.epoll.AbstractEpollChannel$AbstractEpollUnsafe.handle(AbstractEpollChannel.java:482)
	at knot//io.netty.channel.epoll.EpollIoHandler$DefaultEpollIoRegistration.handle(EpollIoHandler.java:317)
	at knot//io.netty.channel.epoll.EpollIoHandler.processReady(EpollIoHandler.java:515)
	at knot//io.netty.channel.epoll.EpollIoHandler.run(EpollIoHandler.java:460)
	at knot//io.netty.channel.SingleThreadIoEventLoop.runIo(SingleThreadIoEventLoop.java:225)
	at knot//io.netty.channel.SingleThreadIoEventLoop.run(SingleThreadIoEventLoop.java:196)
	at knot//io.netty.util.concurrent.SingleThreadEventExecutor$5.run(SingleThreadEventExecutor.java:1193)
	at knot//io.netty.util.internal.ThreadExecutorMap$2.run(ThreadExecutorMap.java:74)
	at java.base/java.lang.Thread.run(Thread.java:1583)
[07:25:25] [Netty Epoll IO #5/ERROR]: Error sending packet clientbound/minecraft:disconnect
io.netty.handler.codec.EncoderException: Sending unknown packet 'clientbound/minecraft:disconnect'
	at knot//net.minecraft.class_9136.method_56426(class_9136.java:50)
	at knot//net.minecraft.class_9136.encode(class_9136.java:14)
	at knot//net.minecraft.class_2545.method_10838(class_2545.java:26)
	at knot//net.minecraft.class_2545.encode(class_2545.java:12)
	at knot//io.netty.handler.codec.MessageToByteEncoder.write(MessageToByteEncoder.java:107)
	at knot//io.netty.channel.AbstractChannelHandlerContext.write(AbstractChannelHandlerContext.java:827)
	at knot//io.netty.channel.AbstractChannelHandlerContext.write(AbstractChannelHandlerContext.java:752)
	at knot//io.netty.channel.ChannelOutboundHandlerAdapter.write(ChannelOutboundHandlerAdapter.java:113)
	at knot//net.minecraft.class_2535$2.write(class_2535.java:488)
	at knot//io.netty.channel.AbstractChannelHandlerContext.write(AbstractChannelHandlerContext.java:827)
	at knot//io.netty.channel.AbstractChannelHandlerContext.writeAndFlush(AbstractChannelHandlerContext.java:804)
	at knot//io.netty.channel.AbstractChannelHandlerContext.writeAndFlush(AbstractChannelHandlerContext.java:869)
	at knot//io.netty.channel.DefaultChannelPipeline.writeAndFlush(DefaultChannelPipeline.java:1046)
	at knot//io.netty.channel.Channel.writeAndFlush(Channel.java:257)
	at knot//net.minecraft.class_2535.method_36942(class_2535.java:324)
	at knot//net.minecraft.class_2535.method_10764(class_2535.java:316)
	at knot//net.minecraft.class_2535.method_52906(class_2535.java:298)
	at knot//net.minecraft.class_2535.method_10752(class_2535.java:292)
	at knot//net.minecraft.class_2535.exceptionCaught(class_2535.java:143)
	at knot//io.netty.channel.AbstractChannelHandlerContext.invokeExceptionCaught(AbstractChannelHandlerContext.java:289)
	at knot//io.netty.channel.AbstractChannelHandlerContext.fireExceptionCaught(AbstractChannelHandlerContext.java:271)
	at knot//io.netty.channel.DefaultChannelPipeline$HeadContext.exceptionCaught(DefaultChannelPipeline.java:1396)
	at knot//io.netty.channel.DefaultChannelPipeline.fireExceptionCaught(DefaultChannelPipeline.java:890)
	at knot//io.netty.channel.epoll.AbstractEpollStreamChannel$EpollStreamUnsafe.handleReadException(AbstractEpollStreamChannel.java:725)
	at knot//io.netty.channel.epoll.AbstractEpollStreamChannel$EpollStreamUnsafe.epollInReady(AbstractEpollStreamChannel.java:820)
	at knot//io.netty.channel.epoll.AbstractEpollChannel$AbstractEpollUnsafe.handle(AbstractEpollChannel.java:482)
	at knot//io.netty.channel.epoll.EpollIoHandler$DefaultEpollIoRegistration.handle(EpollIoHandler.java:317)
	at knot//io.netty.channel.epoll.EpollIoHandler.processReady(EpollIoHandler.java:515)
	at knot//io.netty.channel.epoll.EpollIoHandler.run(EpollIoHandler.java:460)
	at knot//io.netty.channel.SingleThreadIoEventLoop.runIo(SingleThreadIoEventLoop.java:225)
	at knot//io.netty.channel.SingleThreadIoEventLoop.run(SingleThreadIoEventLoop.java:196)
	at knot//io.netty.util.concurrent.SingleThreadEventExecutor$5.run(SingleThreadEventExecutor.java:1193)
	at knot//io.netty.util.internal.ThreadExecutorMap$2.run(ThreadExecutorMap.java:74)
	at java.base/java.lang.Thread.run(Thread.java:1583)
[07:53:11] [Netty Epoll IO #1/ERROR]: Error sending packet clientbound/minecraft:disconnect
io.netty.handler.codec.EncoderException: Sending unknown packet 'clientbound/minecraft:disconnect'
	at knot//net.minecraft.class_9136.method_56426(class_9136.java:50)
	at knot//net.minecraft.class_9136.encode(class_9136.java:14)
	at knot//net.minecraft.class_2545.method_10838(class_2545.java:26)
	at knot//net.minecraft.class_2545.encode(class_2545.java:12)
	at knot//io.netty.handler.codec.MessageToByteEncoder.write(MessageToByteEncoder.java:107)
	at knot//io.netty.channel.AbstractChannelHandlerContext.write(AbstractChannelHandlerContext.java:827)
	at knot//io.netty.channel.AbstractChannelHandlerContext.write(AbstractChannelHandlerContext.java:752)
	at knot//io.netty.channel.ChannelOutboundHandlerAdapter.write(ChannelOutboundHandlerAdapter.java:113)
	at knot//net.minecraft.class_2535$2.write(class_2535.java:488)
	at knot//io.netty.channel.AbstractChannelHandlerContext.write(AbstractChannelHandlerContext.java:827)
	at knot//io.netty.channel.AbstractChannelHandlerContext.writeAndFlush(AbstractChannelHandlerContext.java:804)
	at knot//io.netty.channel.AbstractChannelHandlerContext.writeAndFlush(AbstractChannelHandlerContext.java:869)
	at knot//io.netty.channel.DefaultChannelPipeline.writeAndFlush(DefaultChannelPipeline.java:1046)
	at knot//io.netty.channel.Channel.writeAndFlush(Channel.java:257)
	at knot//net.minecraft.class_2535.method_36942(class_2535.java:324)
	at knot//net.minecraft.class_2535.method_10764(class_2535.java:316)
	at knot//net.minecraft.class_2535.method_52906(class_2535.java:298)
	at knot//net.minecraft.class_2535.method_10752(class_2535.java:292)
	at knot//net.minecraft.class_2535.exceptionCaught(class_2535.java:143)
	at knot//io.netty.channel.AbstractChannelHandlerContext.invokeExceptionCaught(AbstractChannelHandlerContext.java:289)
	at knot//io.netty.channel.AbstractChannelHandlerContext.fireExceptionCaught(AbstractChannelHandlerContext.java:271)
	at knot//io.netty.channel.DefaultChannelPipeline$HeadContext.exceptionCaught(DefaultChannelPipeline.java:1396)
	at knot//io.netty.channel.DefaultChannelPipeline.fireExceptionCaught(DefaultChannelPipeline.java:890)
	at knot//io.netty.channel.epoll.AbstractEpollStreamChannel$EpollStreamUnsafe.handleReadException(AbstractEpollStreamChannel.java:725)
	at knot//io.netty.channel.epoll.AbstractEpollStreamChannel$EpollStreamUnsafe.epollInReady(AbstractEpollStreamChannel.java:820)
	at knot//io.netty.channel.epoll.AbstractEpollChannel$AbstractEpollUnsafe.handle(AbstractEpollChannel.java:482)
	at knot//io.netty.channel.epoll.EpollIoHandler$DefaultEpollIoRegistration.handle(EpollIoHandler.java:317)
	at knot//io.netty.channel.epoll.EpollIoHandler.processReady(EpollIoHandler.java:515)
	at knot//io.netty.channel.epoll.EpollIoHandler.run(EpollIoHandler.java:460)
	at knot//io.netty.channel.SingleThreadIoEventLoop.runIo(SingleThreadIoEventLoop.java:225)
	at knot//io.netty.channel.SingleThreadIoEventLoop.run(SingleThreadIoEventLoop.java:196)
	at knot//io.netty.util.concurrent.SingleThreadEventExecutor$5.run(SingleThreadEventExecutor.java:1193)
	at knot//io.netty.util.internal.ThreadExecutorMap$2.run(ThreadExecutorMap.java:74)
	at java.base/java.lang.Thread.run(Thread.java:1583)
[08:24:22] [Netty Epoll IO #14/ERROR]: Error sending packet clientbound/minecraft:disconnect
io.netty.handler.codec.EncoderException: Sending unknown packet 'clientbound/minecraft:disconnect'
	at knot//net.minecraft.class_9136.method_56426(class_9136.java:50)
	at knot//net.minecraft.class_9136.encode(class_9136.java:14)
	at knot//net.minecraft.class_2545.method_10838(class_2545.java:26)
	at knot//net.minecraft.class_2545.encode(class_2545.java:12)
	at knot//io.netty.handler.codec.MessageToByteEncoder.write(MessageToByteEncoder.java:107)
	at knot//io.netty.channel.AbstractChannelHandlerContext.write(AbstractChannelHandlerContext.java:827)
	at knot//io.netty.channel.AbstractChannelHandlerContext.write(AbstractChannelHandlerContext.java:752)
	at knot//io.netty.channel.ChannelOutboundHandlerAdapter.write(ChannelOutboundHandlerAdapter.java:113)
	at knot//net.minecraft.class_2535$2.write(class_2535.java:488)
	at knot//io.netty.channel.AbstractChannelHandlerContext.write(AbstractChannelHandlerContext.java:827)
	at knot//io.netty.channel.AbstractChannelHandlerContext.writeAndFlush(AbstractChannelHandlerContext.java:804)
	at knot//io.netty.channel.AbstractChannelHandlerContext.writeAndFlush(AbstractChannelHandlerContext.java:869)
	at knot//io.netty.channel.DefaultChannelPipeline.writeAndFlush(DefaultChannelPipeline.java:1046)
	at knot//io.netty.channel.Channel.writeAndFlush(Channel.java:257)
	at knot//net.minecraft.class_2535.method_36942(class_2535.java:324)
	at knot//net.minecraft.class_2535.method_10764(class_2535.java:316)
	at knot//net.minecraft.class_2535.method_52906(class_2535.java:298)
	at knot//net.minecraft.class_2535.method_10752(class_2535.java:292)
	at knot//net.minecraft.class_2535.exceptionCaught(class_2535.java:143)
	at knot//io.netty.channel.AbstractChannelHandlerContext.invokeExceptionCaught(AbstractChannelHandlerContext.java:289)
	at knot//io.netty.channel.AbstractChannelHandlerContext.fireExceptionCaught(AbstractChannelHandlerContext.java:271)
	at knot//io.netty.channel.DefaultChannelPipeline$HeadContext.exceptionCaught(DefaultChannelPipeline.java:1396)
	at knot//io.netty.channel.DefaultChannelPipeline.fireExceptionCaught(DefaultChannelPipeline.java:890)
	at knot//io.netty.channel.epoll.AbstractEpollStreamChannel$EpollStreamUnsafe.handleReadException(AbstractEpollStreamChannel.java:725)
	at knot//io.netty.channel.epoll.AbstractEpollStreamChannel$EpollStreamUnsafe.epollInReady(AbstractEpollStreamChannel.java:820)
	at knot//io.netty.channel.epoll.AbstractEpollChannel$AbstractEpollUnsafe.handle(AbstractEpollChannel.java:482)
	at knot//io.netty.channel.epoll.EpollIoHandler$DefaultEpollIoRegistration.handle(EpollIoHandler.java:317)
	at knot//io.netty.channel.epoll.EpollIoHandler.processReady(EpollIoHandler.java:515)
	at knot//io.netty.channel.epoll.EpollIoHandler.run(EpollIoHandler.java:460)
	at knot//io.netty.channel.SingleThreadIoEventLoop.runIo(SingleThreadIoEventLoop.java:225)
	at knot//io.netty.channel.SingleThreadIoEventLoop.run(SingleThreadIoEventLoop.java:196)
	at knot//io.netty.util.concurrent.SingleThreadEventExecutor$5.run(SingleThreadEventExecutor.java:1193)
	at knot//io.netty.util.internal.ThreadExecutorMap$2.run(ThreadExecutorMap.java:74)
	at java.base/java.lang.Thread.run(Thread.java:1583)
[09:23:37] [Netty Epoll IO #4/ERROR]: Error sending packet clientbound/minecraft:disconnect
io.netty.handler.codec.EncoderException: Sending unknown packet 'clientbound/minecraft:disconnect'
	at knot//net.minecraft.class_9136.method_56426(class_9136.java:50)
	at knot//net.minecraft.class_9136.encode(class_9136.java:14)
	at knot//net.minecraft.class_2545.method_10838(class_2545.java:26)
	at knot//net.minecraft.class_2545.encode(class_2545.java:12)
	at knot//io.netty.handler.codec.MessageToByteEncoder.write(MessageToByteEncoder.java:107)
	at knot//io.netty.channel.AbstractChannelHandlerContext.write(AbstractChannelHandlerContext.java:827)
	at knot//io.netty.channel.AbstractChannelHandlerContext.write(AbstractChannelHandlerContext.java:752)
	at knot//io.netty.channel.ChannelOutboundHandlerAdapter.write(ChannelOutboundHandlerAdapter.java:113)
	at knot//net.minecraft.class_2535$2.write(class_2535.java:488)
	at knot//io.netty.channel.AbstractChannelHandlerContext.write(AbstractChannelHandlerContext.java:827)
	at knot//io.netty.channel.AbstractChannelHandlerContext.writeAndFlush(AbstractChannelHandlerContext.java:804)
	at knot//io.netty.channel.AbstractChannelHandlerContext.writeAndFlush(AbstractChannelHandlerContext.java:869)
	at knot//io.netty.channel.DefaultChannelPipeline.writeAndFlush(DefaultChannelPipeline.java:1046)
	at knot//io.netty.channel.Channel.writeAndFlush(Channel.java:257)
	at knot//net.minecraft.class_2535.method_36942(class_2535.java:324)
	at knot//net.minecraft.class_2535.method_10764(class_2535.java:316)
	at knot//net.minecraft.class_2535.method_52906(class_2535.java:298)
	at knot//net.minecraft.class_2535.method_10752(class_2535.java:292)
	at knot//net.minecraft.class_2535.exceptionCaught(class_2535.java:143)
	at knot//io.netty.channel.AbstractChannelHandlerContext.invokeExceptionCaught(AbstractChannelHandlerContext.java:289)
	at knot//io.netty.channel.AbstractChannelHandlerContext.fireExceptionCaught(AbstractChannelHandlerContext.java:271)
	at knot//io.netty.channel.DefaultChannelPipeline$HeadContext.exceptionCaught(DefaultChannelPipeline.java:1396)
	at knot//io.netty.channel.DefaultChannelPipeline.fireExceptionCaught(DefaultChannelPipeline.java:890)
	at knot//io.netty.channel.epoll.AbstractEpollStreamChannel$EpollStreamUnsafe.handleReadException(AbstractEpollStreamChannel.java:725)
	at knot//io.netty.channel.epoll.AbstractEpollStreamChannel$EpollStreamUnsafe.epollInReady(AbstractEpollStreamChannel.java:820)
	at knot//io.netty.channel.epoll.AbstractEpollChannel$AbstractEpollUnsafe.handle(AbstractEpollChannel.java:482)
	at knot//io.netty.channel.epoll.EpollIoHandler$DefaultEpollIoRegistration.handle(EpollIoHandler.java:317)
	at knot//io.netty.channel.epoll.EpollIoHandler.processReady(EpollIoHandler.java:515)
	at knot//io.netty.channel.epoll.EpollIoHandler.run(EpollIoHandler.java:460)
	at knot//io.netty.channel.SingleThreadIoEventLoop.runIo(SingleThreadIoEventLoop.java:225)
	at knot//io.netty.channel.SingleThreadIoEventLoop.run(SingleThreadIoEventLoop.java:196)
	at knot//io.netty.util.concurrent.SingleThreadEventExecutor$5.run(SingleThreadEventExecutor.java:1193)
	at knot//io.netty.util.internal.ThreadExecutorMap$2.run(ThreadExecutorMap.java:74)
	at java.base/java.lang.Thread.run(Thread.java:1583)
[09:23:41] [Netty Epoll IO #5/ERROR]: Error sending packet clientbound/minecraft:disconnect
io.netty.handler.codec.EncoderException: Sending unknown packet 'clientbound/minecraft:disconnect'
	at knot//net.minecraft.class_9136.method_56426(class_9136.java:50)
	at knot//net.minecraft.class_9136.encode(class_9136.java:14)
	at knot//net.minecraft.class_2545.method_10838(class_2545.java:26)
	at knot//net.minecraft.class_2545.encode(class_2545.java:12)
	at knot//io.netty.handler.codec.MessageToByteEncoder.write(MessageToByteEncoder.java:107)
	at knot//io.netty.channel.AbstractChannelHandlerContext.write(AbstractChannelHandlerContext.java:827)
	at knot//io.netty.channel.AbstractChannelHandlerContext.write(AbstractChannelHandlerContext.java:752)
	at knot//io.netty.channel.ChannelOutboundHandlerAdapter.write(ChannelOutboundHandlerAdapter.java:113)
	at knot//net.minecraft.class_2535$2.write(class_2535.java:488)
	at knot//io.netty.channel.AbstractChannelHandlerContext.write(AbstractChannelHandlerContext.java:827)
	at knot//io.netty.channel.AbstractChannelHandlerContext.writeAndFlush(AbstractChannelHandlerContext.java:804)
	at knot//io.netty.channel.AbstractChannelHandlerContext.writeAndFlush(AbstractChannelHandlerContext.java:869)
	at knot//io.netty.channel.DefaultChannelPipeline.writeAndFlush(DefaultChannelPipeline.java:1046)
	at knot//io.netty.channel.Channel.writeAndFlush(Channel.java:257)
	at knot//net.minecraft.class_2535.method_36942(class_2535.java:324)
	at knot//net.minecraft.class_2535.method_10764(class_2535.java:316)
	at knot//net.minecraft.class_2535.method_52906(class_2535.java:298)
	at knot//net.minecraft.class_2535.method_10752(class_2535.java:292)
	at knot//net.minecraft.class_2535.exceptionCaught(class_2535.java:143)
	at knot//io.netty.channel.AbstractChannelHandlerContext.invokeExceptionCaught(AbstractChannelHandlerContext.java:289)
	at knot//io.netty.channel.AbstractChannelHandlerContext.fireExceptionCaught(AbstractChannelHandlerContext.java:271)
	at knot//io.netty.channel.DefaultChannelPipeline$HeadContext.exceptionCaught(DefaultChannelPipeline.java:1396)
	at knot//io.netty.channel.DefaultChannelPipeline.fireExceptionCaught(DefaultChannelPipeline.java:890)
	at knot//io.netty.channel.epoll.AbstractEpollStreamChannel$EpollStreamUnsafe.handleReadException(AbstractEpollStreamChannel.java:725)
	at knot//io.netty.channel.epoll.AbstractEpollStreamChannel$EpollStreamUnsafe.epollInReady(AbstractEpollStreamChannel.java:820)
	at knot//io.netty.channel.epoll.AbstractEpollChannel$AbstractEpollUnsafe.handle(AbstractEpollChannel.java:482)
	at knot//io.netty.channel.epoll.EpollIoHandler$DefaultEpollIoRegistration.handle(EpollIoHandler.java:317)
	at knot//io.netty.channel.epoll.EpollIoHandler.processReady(EpollIoHandler.java:515)
	at knot//io.netty.channel.epoll.EpollIoHandler.run(EpollIoHandler.java:460)
	at knot//io.netty.channel.SingleThreadIoEventLoop.runIo(SingleThreadIoEventLoop.java:225)
	at knot//io.netty.channel.SingleThreadIoEventLoop.run(SingleThreadIoEventLoop.java:196)
	at knot//io.netty.util.concurrent.SingleThreadEventExecutor$5.run(SingleThreadEventExecutor.java:1193)
	at knot//io.netty.util.internal.ThreadExecutorMap$2.run(ThreadExecutorMap.java:74)
	at java.base/java.lang.Thread.run(Thread.java:1583)
[09:23:47] [Netty Epoll IO #6/ERROR]: Error sending packet clientbound/minecraft:disconnect
io.netty.handler.codec.EncoderException: Sending unknown packet 'clientbound/minecraft:disconnect'
	at knot//net.minecraft.class_9136.method_56426(class_9136.java:50)
	at knot//net.minecraft.class_9136.encode(class_9136.java:14)
	at knot//net.minecraft.class_2545.method_10838(class_2545.java:26)
	at knot//net.minecraft.class_2545.encode(class_2545.java:12)
	at knot//io.netty.handler.codec.MessageToByteEncoder.write(MessageToByteEncoder.java:107)
	at knot//io.netty.channel.AbstractChannelHandlerContext.write(AbstractChannelHandlerContext.java:827)
	at knot//io.netty.channel.AbstractChannelHandlerContext.write(AbstractChannelHandlerContext.java:752)
	at knot//io.netty.channel.ChannelOutboundHandlerAdapter.write(ChannelOutboundHandlerAdapter.java:113)
	at knot//net.minecraft.class_2535$2.write(class_2535.java:488)
	at knot//io.netty.channel.AbstractChannelHandlerContext.write(AbstractChannelHandlerContext.java:827)
	at knot//io.netty.channel.AbstractChannelHandlerContext.writeAndFlush(AbstractChannelHandlerContext.java:804)
	at knot//io.netty.channel.AbstractChannelHandlerContext.writeAndFlush(AbstractChannelHandlerContext.java:869)
	at knot//io.netty.channel.DefaultChannelPipeline.writeAndFlush(DefaultChannelPipeline.java:1046)
	at knot//io.netty.channel.Channel.writeAndFlush(Channel.java:257)
	at knot//net.minecraft.class_2535.method_36942(class_2535.java:324)
	at knot//net.minecraft.class_2535.method_10764(class_2535.java:316)
	at knot//net.minecraft.class_2535.method_52906(class_2535.java:298)
	at knot//net.minecraft.class_2535.method_10752(class_2535.java:292)
	at knot//net.minecraft.class_2535.exceptionCaught(class_2535.java:143)
	at knot//io.netty.channel.AbstractChannelHandlerContext.invokeExceptionCaught(AbstractChannelHandlerContext.java:289)
	at knot//io.netty.channel.AbstractChannelHandlerContext.fireExceptionCaught(AbstractChannelHandlerContext.java:271)
	at knot//io.netty.channel.DefaultChannelPipeline$HeadContext.exceptionCaught(DefaultChannelPipeline.java:1396)
	at knot//io.netty.channel.DefaultChannelPipeline.fireExceptionCaught(DefaultChannelPipeline.java:890)
	at knot//io.netty.channel.epoll.AbstractEpollStreamChannel$EpollStreamUnsafe.handleReadException(AbstractEpollStreamChannel.java:725)
	at knot//io.netty.channel.epoll.AbstractEpollStreamChannel$EpollStreamUnsafe.epollInReady(AbstractEpollStreamChannel.java:820)
	at knot//io.netty.channel.epoll.AbstractEpollChannel$AbstractEpollUnsafe.handle(AbstractEpollChannel.java:482)
	at knot//io.netty.channel.epoll.EpollIoHandler$DefaultEpollIoRegistration.handle(EpollIoHandler.java:317)
	at knot//io.netty.channel.epoll.EpollIoHandler.processReady(EpollIoHandler.java:515)
	at knot//io.netty.channel.epoll.EpollIoHandler.run(EpollIoHandler.java:460)
	at knot//io.netty.channel.SingleThreadIoEventLoop.runIo(SingleThreadIoEventLoop.java:225)
	at knot//io.netty.channel.SingleThreadIoEventLoop.run(SingleThreadIoEventLoop.java:196)
	at knot//io.netty.util.concurrent.SingleThreadEventExecutor$5.run(SingleThreadEventExecutor.java:1193)
	at knot//io.netty.util.internal.ThreadExecutorMap$2.run(ThreadExecutorMap.java:74)
	at java.base/java.lang.Thread.run(Thread.java:1583)
[09:40:04] [Netty Epoll IO #13/ERROR]: Error sending packet clientbound/minecraft:disconnect
io.netty.handler.codec.EncoderException: Sending unknown packet 'clientbound/minecraft:disconnect'
	at knot//net.minecraft.class_9136.method_56426(class_9136.java:50)
	at knot//net.minecraft.class_9136.encode(class_9136.java:14)
	at knot//net.minecraft.class_2545.method_10838(class_2545.java:26)
	at knot//net.minecraft.class_2545.encode(class_2545.java:12)
	at knot//io.netty.handler.codec.MessageToByteEncoder.write(MessageToByteEncoder.java:107)
	at knot//io.netty.channel.AbstractChannelHandlerContext.write(AbstractChannelHandlerContext.java:827)
	at knot//io.netty.channel.AbstractChannelHandlerContext.write(AbstractChannelHandlerContext.java:752)
	at knot//io.netty.channel.ChannelOutboundHandlerAdapter.write(ChannelOutboundHandlerAdapter.java:113)
	at knot//net.minecraft.class_2535$2.write(class_2535.java:488)
	at knot//io.netty.channel.AbstractChannelHandlerContext.write(AbstractChannelHandlerContext.java:827)
	at knot//io.netty.channel.AbstractChannelHandlerContext.writeAndFlush(AbstractChannelHandlerContext.java:804)
	at knot//io.netty.channel.AbstractChannelHandlerContext.writeAndFlush(AbstractChannelHandlerContext.java:869)
	at knot//io.netty.channel.DefaultChannelPipeline.writeAndFlush(DefaultChannelPipeline.java:1046)
	at knot//io.netty.channel.Channel.writeAndFlush(Channel.java:257)
	at knot//net.minecraft.class_2535.method_36942(class_2535.java:324)
	at knot//net.minecraft.class_2535.method_10764(class_2535.java:316)
	at knot//net.minecraft.class_2535.method_52906(class_2535.java:298)
	at knot//net.minecraft.class_2535.method_10752(class_2535.java:292)
	at knot//net.minecraft.class_2535.exceptionCaught(class_2535.java:143)
	at knot//io.netty.channel.AbstractChannelHandlerContext.invokeExceptionCaught(AbstractChannelHandlerContext.java:289)
	at knot//io.netty.channel.AbstractChannelHandlerContext.fireExceptionCaught(AbstractChannelHandlerContext.java:271)
	at knot//io.netty.channel.DefaultChannelPipeline$HeadContext.exceptionCaught(DefaultChannelPipeline.java:1396)
	at knot//io.netty.channel.DefaultChannelPipeline.fireExceptionCaught(DefaultChannelPipeline.java:890)
	at knot//io.netty.channel.epoll.AbstractEpollStreamChannel$EpollStreamUnsafe.handleReadException(AbstractEpollStreamChannel.java:725)
	at knot//io.netty.channel.epoll.AbstractEpollStreamChannel$EpollStreamUnsafe.epollInReady(AbstractEpollStreamChannel.java:820)
	at knot//io.netty.channel.epoll.AbstractEpollChannel$AbstractEpollUnsafe.handle(AbstractEpollChannel.java:482)
	at knot//io.netty.channel.epoll.EpollIoHandler$DefaultEpollIoRegistration.handle(EpollIoHandler.java:317)
	at knot//io.netty.channel.epoll.EpollIoHandler.processReady(EpollIoHandler.java:515)
	at knot//io.netty.channel.epoll.EpollIoHandler.run(EpollIoHandler.java:460)
	at knot//io.netty.channel.SingleThreadIoEventLoop.runIo(SingleThreadIoEventLoop.java:225)
	at knot//io.netty.channel.SingleThreadIoEventLoop.run(SingleThreadIoEventLoop.java:196)
	at knot//io.netty.util.concurrent.SingleThreadEventExecutor$5.run(SingleThreadEventExecutor.java:1193)
	at knot//io.netty.util.internal.ThreadExecutorMap$2.run(ThreadExecutorMap.java:74)
	at java.base/java.lang.Thread.run(Thread.java:1583)
[10:55:29] [Netty Epoll IO #10/ERROR]: Error sending packet clientbound/minecraft:disconnect
io.netty.handler.codec.EncoderException: Sending unknown packet 'clientbound/minecraft:disconnect'
	at knot//net.minecraft.class_9136.method_56426(class_9136.java:50)
	at knot//net.minecraft.class_9136.encode(class_9136.java:14)
	at knot//net.minecraft.class_2545.method_10838(class_2545.java:26)
	at knot//net.minecraft.class_2545.encode(class_2545.java:12)
	at knot//io.netty.handler.codec.MessageToByteEncoder.write(MessageToByteEncoder.java:107)
	at knot//io.netty.channel.AbstractChannelHandlerContext.write(AbstractChannelHandlerContext.java:827)
	at knot//io.netty.channel.AbstractChannelHandlerContext.write(AbstractChannelHandlerContext.java:752)
	at knot//io.netty.channel.ChannelOutboundHandlerAdapter.write(ChannelOutboundHandlerAdapter.java:113)
	at knot//net.minecraft.class_2535$2.write(class_2535.java:488)
	at knot//io.netty.channel.AbstractChannelHandlerContext.write(AbstractChannelHandlerContext.java:827)
	at knot//io.netty.channel.AbstractChannelHandlerContext.writeAndFlush(AbstractChannelHandlerContext.java:804)
	at knot//io.netty.channel.AbstractChannelHandlerContext.writeAndFlush(AbstractChannelHandlerContext.java:869)
	at knot//io.netty.channel.DefaultChannelPipeline.writeAndFlush(DefaultChannelPipeline.java:1046)
	at knot//io.netty.channel.Channel.writeAndFlush(Channel.java:257)
	at knot//net.minecraft.class_2535.method_36942(class_2535.java:324)
	at knot//net.minecraft.class_2535.method_10764(class_2535.java:316)
	at knot//net.minecraft.class_2535.method_52906(class_2535.java:298)
	at knot//net.minecraft.class_2535.method_10752(class_2535.java:292)
	at knot//net.minecraft.class_2535.exceptionCaught(class_2535.java:143)
	at knot//io.netty.channel.AbstractChannelHandlerContext.invokeExceptionCaught(AbstractChannelHandlerContext.java:289)
	at knot//io.netty.channel.AbstractChannelHandlerContext.fireExceptionCaught(AbstractChannelHandlerContext.java:271)
	at knot//io.netty.channel.DefaultChannelPipeline$HeadContext.exceptionCaught(DefaultChannelPipeline.java:1396)
	at knot//io.netty.channel.DefaultChannelPipeline.fireExceptionCaught(DefaultChannelPipeline.java:890)
	at knot//io.netty.channel.epoll.AbstractEpollStreamChannel$EpollStreamUnsafe.handleReadException(AbstractEpollStreamChannel.java:725)
	at knot//io.netty.channel.epoll.AbstractEpollStreamChannel$EpollStreamUnsafe.epollInReady(AbstractEpollStreamChannel.java:820)
	at knot//io.netty.channel.epoll.AbstractEpollChannel$AbstractEpollUnsafe.handle(AbstractEpollChannel.java:482)
	at knot//io.netty.channel.epoll.EpollIoHandler$DefaultEpollIoRegistration.handle(EpollIoHandler.java:317)
	at knot//io.netty.channel.epoll.EpollIoHandler.processReady(EpollIoHandler.java:515)
	at knot//io.netty.channel.epoll.EpollIoHandler.run(EpollIoHandler.java:460)
	at knot//io.netty.channel.SingleThreadIoEventLoop.runIo(SingleThreadIoEventLoop.java:225)
	at knot//io.netty.channel.SingleThreadIoEventLoop.run(SingleThreadIoEventLoop.java:196)
	at knot//io.netty.util.concurrent.SingleThreadEventExecutor$5.run(SingleThreadEventExecutor.java:1193)
	at knot//io.netty.util.internal.ThreadExecutorMap$2.run(ThreadExecutorMap.java:74)
	at java.base/java.lang.Thread.run(Thread.java:1583)
[12:09:42] [Netty Epoll IO #15/ERROR]: Error sending packet clientbound/minecraft:disconnect
io.netty.handler.codec.EncoderException: Sending unknown packet 'clientbound/minecraft:disconnect'
	at knot//net.minecraft.class_9136.method_56426(class_9136.java:50)
	at knot//net.minecraft.class_9136.encode(class_9136.java:14)
	at knot//net.minecraft.class_2545.method_10838(class_2545.java:26)
	at knot//net.minecraft.class_2545.encode(class_2545.java:12)
	at knot//io.netty.handler.codec.MessageToByteEncoder.write(MessageToByteEncoder.java:107)
	at knot//io.netty.channel.AbstractChannelHandlerContext.write(AbstractChannelHandlerContext.java:827)
	at knot//io.netty.channel.AbstractChannelHandlerContext.write(AbstractChannelHandlerContext.java:752)
	at knot//io.netty.channel.ChannelOutboundHandlerAdapter.write(ChannelOutboundHandlerAdapter.java:113)
	at knot//net.minecraft.class_2535$2.write(class_2535.java:488)
	at knot//io.netty.channel.AbstractChannelHandlerContext.write(AbstractChannelHandlerContext.java:827)
	at knot//io.netty.channel.AbstractChannelHandlerContext.writeAndFlush(AbstractChannelHandlerContext.java:804)
	at knot//io.netty.channel.AbstractChannelHandlerContext.writeAndFlush(AbstractChannelHandlerContext.java:869)
	at knot//io.netty.channel.DefaultChannelPipeline.writeAndFlush(DefaultChannelPipeline.java:1046)
	at knot//io.netty.channel.Channel.writeAndFlush(Channel.java:257)
	at knot//net.minecraft.class_2535.method_36942(class_2535.java:324)
	at knot//net.minecraft.class_2535.method_10764(class_2535.java:316)
	at knot//net.minecraft.class_2535.method_52906(class_2535.java:298)
	at knot//net.minecraft.class_2535.method_10752(class_2535.java:292)
	at knot//net.minecraft.class_2535.exceptionCaught(class_2535.java:143)
	at knot//io.netty.channel.AbstractChannelHandlerContext.invokeExceptionCaught(AbstractChannelHandlerContext.java:289)
	at knot//io.netty.channel.AbstractChannelHandlerContext.fireExceptionCaught(AbstractChannelHandlerContext.java:271)
	at knot//io.netty.channel.DefaultChannelPipeline$HeadContext.exceptionCaught(DefaultChannelPipeline.java:1396)
	at knot//io.netty.channel.DefaultChannelPipeline.fireExceptionCaught(DefaultChannelPipeline.java:890)
	at knot//io.netty.channel.epoll.AbstractEpollStreamChannel$EpollStreamUnsafe.handleReadException(AbstractEpollStreamChannel.java:725)
	at knot//io.netty.channel.epoll.AbstractEpollStreamChannel$EpollStreamUnsafe.epollInReady(AbstractEpollStreamChannel.java:820)
	at knot//io.netty.channel.epoll.AbstractEpollChannel$AbstractEpollUnsafe.handle(AbstractEpollChannel.java:482)
	at knot//io.netty.channel.epoll.EpollIoHandler$DefaultEpollIoRegistration.handle(EpollIoHandler.java:317)
	at knot//io.netty.channel.epoll.EpollIoHandler.processReady(EpollIoHandler.java:515)
	at knot//io.netty.channel.epoll.EpollIoHandler.run(EpollIoHandler.java:460)
	at knot//io.netty.channel.SingleThreadIoEventLoop.runIo(SingleThreadIoEventLoop.java:225)
	at knot//io.netty.channel.SingleThreadIoEventLoop.run(SingleThreadIoEventLoop.java:196)
	at knot//io.netty.util.concurrent.SingleThreadEventExecutor$5.run(SingleThreadEventExecutor.java:1193)
	at knot//io.netty.util.internal.ThreadExecutorMap$2.run(ThreadExecutorMap.java:74)
	at java.base/java.lang.Thread.run(Thread.java:1583)
